******************************************************************************
                  TI ARM Linker PC v20.2.1                     
******************************************************************************
>> Linked Sat Jan 23 23:37:32 2021

OUTPUT FILE NAME:   <melikecopur.out>
ENTRY POINT SYMBOL: "_c_int00"  address: 0000fee5


MEMORY CONFIGURATION

         name            origin    length      used     unused   attr    fill
----------------------  --------  ---------  --------  --------  ----  --------
  FLASH                 00000000   00100000  000178ec  000e8714  R  X
  SRAM                  20000000   00040000  0001c401  00023bff  RW X


SEGMENT ALLOCATION MAP

run origin  load origin   length   init length attrs members
----------  ----------- ---------- ----------- ----- -------
00000000    00000000    000178f8   000178f8    r-x
  00000000    00000000    0000003c   0000003c    r-- .resetVecs
  00000040    00000040    00014a52   00014a52    r-x .text
  00014a94    00014a94    00002976   00002976    r-- .const
  00017410    00017410    000004e8   000004e8    r-- .cinit
20000000    20000000    00000360   00000000    rw-
  20000000    20000000    00000360   00000000    rw- .vecs
20000380    20000380    0001c0a8   00000000    rw-
  20000380    20000380    0001aea5   00000000    rw- .bss
  2001b228    2001b228    000009fc   00000000    rw- .data
  2001bc28    2001bc28    00000800   00000000    rw- .stack


SECTION ALLOCATION MAP

 output                                  attributes/
section   page    origin      length       input sections
--------  ----  ----------  ----------   ----------------
.text      0    00000040    00014a52     
                  00000040    00000c68     stk.aem4f : tcpin.oem4f (.text:TcpInput)
                  00000ca8    000008b8               : tcpout.oem4f (.text:TcpOutput)
                  00001560    0000045c     httpget.obj (.text:httpTask)
                  000019bc    00000004     stk.aem4f : bind.oem4f (.text:BindGetIF)
                  000019c0    00000430     sysbios.aem4f : BIOS.obj (.text:ti_sysbios_family_arm_m3_Hwi_excDumpRegs__I)
                  00001df0    00000408     stk.aem4f : ipout.oem4f (.text:IPTxPacket)
                  000021f8    00000384               : ipin.oem4f (.text:IPRxPacket)
                  0000257c    00000372     nettool_ipv4.aem4f : dnscomn.oem4f (.text:DNSResolveByName)
                  000028ee    00000002     hal_userled_stub.aem4f : llled.oem4f (.text:LED_TOGGLE)
                  000028f0    0000034c     ti.targets.arm.rtsarm.aem4f : System.oem4f (.text:xdc_runtime_System_doPrint__I)
                  00002c3c    000002fe     nettool_ipv4.aem4f : dnscomn.oem4f (.text:DNSResolveByAddr)
                  00002f3a    00000002     stk.aem4f : nat.oem4f (.text:NatMsg)
                  00002f3c    000002f8     nettool_ipv4.aem4f : inetaddr.oem4f (.text:getaddrinfo)
                  00003234    000002da                        : dnscomn.oem4f (.text:DNSResolveByNS)
                  0000350e    00000002     os.aem4f : task.oem4f (.text:_TaskInit)
                  00003510    000002c4     httpget.obj (.text:taskFxn)
                  000037d4    00000284     stk.aem4f : sock.oem4f (.text:SockSet)
                  00003a58    0000024c               : ipfrag.oem4f (.text:IPReasm)
                  00003ca4    0000023c               : icmpin.oem4f (.text:ICMPInput)
                  00003ee0    00000238               : udp.oem4f (.text:UdpInput)
                  00004118    00000204     Boot.aem4f : Boot_sysctl.oem4f (.text:ti_catalog_arm_cortexm4_tiva_ce_Boot_sysCtlClockFreqSetI__I)
                  0000431c    000001f4     stk.aem4f : sock.oem4f (.text:SockRecv)
                  00004510    000001f4     sysbios.aem4f : BIOS.obj (.text:ti_sysbios_family_arm_m3_Hwi_excHandlerMax__I)
                  00004704    000001b8     drivers_tivaware.aem4f : EMACSnow.oem4f (.text:EMACSnow_NIMUInit)
                  000048bc    000001b0     stk.aem4f : lliout.oem4f (.text:LLITxIpPacket)
                  00004a6c    000001ac               : lliin.oem4f (.text:LLIRxPacket)
                  00004c18    0000019c     os.aem4f : mem.oem4f (.text:mmAlloc)
                  00004db4    0000019a     nettool_ipv4.aem4f : dnsclnt.oem4f (.text:DNSResolve)
                  00004f4e    00000002     os.aem4f : task.oem4f (.text:_TaskShutdown)
                  00004f50    00000198     stk.aem4f : igmp.oem4f (.text:IGMPInput)
                  000050e8    00000198     nettool_ipv4.aem4f : ipaddr.oem4f (.text:NtGetPublicHost)
                  00005280    00000198     httpget.obj (.text:PAJ7620_OpenComm)
                  00005418    00000190     stk.aem4f : sock.oem4f (.text:SockNew)
                  000055a8    00000174     netctrl_min_ipv4.aem4f : netctrl.oem4f (.text:NC_NetStart)
                  0000571c    00000004     stk.aem4f : bind.oem4f (.text:BindGetNext)
                  00005720    00000174     sysbios.aem4f : BIOS.obj (.text:ti_sysbios_family_arm_m3_Hwi_excBusFault__I)
                  00005894    00000170     stk.aem4f : rtc.oem4f (.text:RTCReport)
                  00005a04    0000016c     nettool_ipv4.aem4f : dnscomn.oem4f (.text:DNSResolveExternal)
                  00005b70    0000016c     sysbios.aem4f : BIOS.obj (.text:ti_sysbios_knl_Event_pend__E)
                  00005cdc    0000016a     stk.aem4f : sb.oem4f (.text:SBRead)
                  00005e46    00000002     hal_ser_stub.aem4f : llserstb.oem4f (.text:_llSerialServiceCheck)
                  00005e48    00000164     sysbios.aem4f : BIOS.obj (.text:ti_sysbios_family_arm_m3_Hwi_excUsageFault__I)
                  00005fac    00000160     stk.aem4f : sock.oem4f (.text:SockConnect)
                  0000610c    00000158     nettool_ipv4.aem4f : dhcpmain.oem4f (.text:DHCPOpen)
                  00006264    00000004     http_ndk.aem4f : httpcli.oem4f (.text:HTTPCli_construct)
                  00006268    00000154     sysbios.aem4f : BIOS.obj (.text:ti_sysbios_knl_Semaphore_pend__E)
                  000063bc    00000150     drivers_tivaware.aem4f : GPIOTiva.oem4f (.text:GPIO_setConfig)
                  0000650c    00000004     driverlib.lib : i2c.obj (.text:I2CMasterControl)
                  00006510    00000150     sysbios.aem4f : BIOS.obj (.text:ti_sysbios_knl_Task_Instance_finalize__E)
                  00006660    00000148                   : BIOS.obj (.text:ti_sysbios_family_arm_m3_Hwi_excMemFault__I)
                  000067a8    00000144     stk.aem4f : bind.oem4f (.text:BindNew)
                  000068ec    00000140               : tcp.oem4f (.text:TcpTimeoutCheck)
                  00006a2c    0000013c     nettool_ipv4.aem4f : config.oem4f (.text:CfgAddEntry)
                  00006b68    0000013c     stk.aem4f : sockint.oem4f (.text:SockNotify)
                  00006ca4    0000013c               : sock.oem4f (.text:SockSend)
                  00006de0    00000136     nettool_ipv4.aem4f : dnspkt.oem4f (.text:DNSGetReply)
                  00006f16    00000002     hal_ser_stub.aem4f : llserstb.oem4f (.text:_llSerialShutdown)
                  00006f18    00000134     stk.aem4f : icmp.oem4f (.text:ICMPGenPacket)
                  0000704c    00000132     nettool_ipv4.aem4f : dnspkt.oem4f (.text:DNSReadRecord)
                  0000717e    00000130     driverlib.lib : gpio.obj (.text:GPIOPadConfigSet)
                  000072ae    00000002     hal_userled_stub.aem4f : llled.oem4f (.text:_llUserLedInit)
                  000072b0    0000012c     EK_TM4C1294XL.obj (.text:EK_TM4C1294XL_initEMAC)
                  000073dc    00000128     http_ndk.aem4f : httpcli.oem4f (.text:contentHandler)
                  00007504    00000124     stk.aem4f : sockpcb.oem4f (.text:SockPcbResolve)
                  00007628    00000124               : udp.oem4f (.text:UdpOutput)
                  0000774c    00000120     httpget_pem4f.oem4f (.text:ti_ndk_config_Global_stackThread)
                  0000786c    00000118     http_ndk.aem4f : httpcli.oem4f (.text:HTTPCli_connect)
                  00007984    00000118     stk.aem4f : tcpout.oem4f (.text:TcpGenPacket)
                  00007a9c    00000118     ti.targets.arm.rtsarm.aem4f : Error.oem4f (.text:xdc_runtime_Error_policyDefault__E)
                  00007bb4    00000114     stk.aem4f : nimu.oem4f (.text:NIMUIoctl)
                  00007cc8    00000110               : node.oem4f (.text:NodeTreeFree)
                  00007dd8    00000110               : raw.oem4f (.text:RawInput)
                  00007ee8    00000110     rtsv7M4_T_le_v4SPD16_eabi.lib : strtoul.c.obj (.text:strtoul)
                  00007ff8    0000010c     stk.aem4f : rtable.oem4f (.text:RtFind)
                  00008104    0000010c     httpget.obj (.text:sendDatatoServer)
                  00008210    0000010a     stk.aem4f : route.oem4f (.text:RtCreate)
                  0000831a    00000002     hal_userled_stub.aem4f : llled.oem4f (.text:_llUserLedShutdown)
                  0000831c    00000108     drivers_tivaware.aem4f : EMACSnow.oem4f (.text:EMACSnow_emacStart)
                  00008424    00000004     driverlib.lib : i2c.obj (.text:I2CMasterDataGet)
                  00008428    00000108     sysbios.aem4f : BIOS.obj (.text:ti_sysbios_family_arm_lm4_Timer_start__E)
                  00008530    00000106     http_ndk.aem4f : httpcli.oem4f (.text:HTTPCli_getResponseField)
                  00008636    00000002     rtsv7M4_T_le_v4SPD16_eabi.lib : _lock.c.obj (.text:_nop)
                  00008638    00000104     os.aem4f : task.oem4f (.text:llEnter)
                  0000873c    00000102     nettool_ipv4.aem4f : dhcppkt.oem4f (.text:dhcpPacketProcess)
                  0000883e    00000102                        : inetaddr.oem4f (.text:inet_aton)
                  00008940    00000100     stk.aem4f : igmp.oem4f (.text:IGMPSendReply)
                  00008a40    00000100     ti.targets.arm.rtsarm.aem4f : Core-mem.oem4f (.text:xdc_runtime_Core_createObject__I)
                  00008b40    000000fc     netctrl_min_ipv4.aem4f : netctrl.oem4f (.text:NetScheduler)
                  00008c3c    000000f8     stk.aem4f : pipe.oem4f (.text:PipeRecv)
                  00008d34    000000f8     ti.targets.arm.rtsarm.aem4f : Startup.oem4f (.text:xdc_runtime_Startup_startMods__I)
                  00008e2c    000000f8     httpget_pem4f.oem4f (.text:xdc_runtime_System_printfExtend__I)
                  00008f24    000000f4     os.aem4f : task.oem4f (.text:TaskGetEnv)
                  00009018    000000f4     sysbios.aem4f : m3_Hwi_asm.obj (.text:ti_sysbios_family_arm_m3_Hwi_dispatch__I)
                  0000910c    00000004     driverlib.lib : i2c.obj (.text:I2CMasterDataPut)
                  00009110    000000f4     sysbios.aem4f : BIOS.obj (.text:ti_sysbios_knl_Task_Instance_init__E)
                  00009204    000000f2     http_ndk.aem4f : httpcli.oem4f (.text:bufferedRecv)
                  000092f6    00000002     hal_ser_stub.aem4f : llserstb.oem4f (.text:llSerialService)
                  000092f8    000000f0     stk.aem4f : lliout.oem4f (.text:LLIGenArpPacket)
                  000093e8    000000f0               : sock.oem4f (.text:SockClose)
                  000094d8    000000ee     nettool_ipv4.aem4f : dnspkt.oem4f (.text:DNSWriteRecord)
                  000095c6    00000002     rtsv7M4_T_le_v4SPD16_eabi.lib : div0.asm.obj (.text)
                  000095c8    000000ec     http_ndk.aem4f : httpcli.oem4f (.text:redirect)
                  000096b4    00000004     os.aem4f : ossys.oem4f (.text:NDK_vsprintf)
                  000096b8    000000ec     sysbios.aem4f : BIOS.obj (.text:ti_sysbios_knl_Task_postInit__I)
                  000097a4    000000e8     os.aem4f : task.oem4f (.text:TaskSetEnv)
                  0000988c    000000e6     nettool_ipv4.aem4f : dnspkt.oem4f (.text:DNSWriteName)
                  00009972    00000002     httpget_pem4f.oem4f (.text:ti_ndk_config_Global_NetworkClose)
                  00009974    000000e6     http_ndk.aem4f : httpcli.oem4f (.text:HTTPCli_initSockAddr)
                  00009a5a    00000002     httpget_pem4f.oem4f (.text:ti_ndk_config_Global_NetworkOpen)
                  00009a5c    000000e0     drivers_tivaware.aem4f : I2CTiva.oem4f (.text:I2CTiva_open)
                  00009b3c    000000e0     stk.aem4f : tcptime.oem4f (.text:TcpTimeoutRexmt)
                  00009c1c    000000dc               : sb.oem4f (.text:SBWrite)
                  00009cf8    000000dc     nettool_ipv4.aem4f : dhcpsock.oem4f (.text:dhcpSocketOpen)
                  00009dd4    000000dc                        : dhcpsm.oem4f (.text:dhcpState)
                  00009eb0    000000dc     sysbios.aem4f : BIOS.obj (.text:ti_sysbios_knl_Task_sleep__E)
                  00009f8c    000000d8     stk.aem4f : node.oem4f (.text:NodeAdd)
                  0000a064    000000d8               : tcpprot.oem4f (.text:TcpPrSetOption)
                  0000a13c    000000d8     httpget.obj (.text:main)
                  0000a214    000000d6     drivers_tivaware.aem4f : I2CTiva.oem4f (.text:I2CTiva_hwiFxn)
                  0000a2ea    00000002     httpget_pem4f.oem4f (.text:ti_sysbios_BIOS_nullFunc__I)
                  0000a2ec    000000d4     drivers_tivaware.aem4f : EMACSnow.oem4f (.text:EMACSnow_handleRx)
                  0000a3c0    000000d4     stk.aem4f : sockpcb.oem4f (.text:SockPcbBind)
                  0000a494    00000004               : node.oem4f (.text:NodeSetRt)
                  0000a498    000000d4     sysbios.aem4f : BIOS.obj (.text:ti_sysbios_heaps_HeapMem_alloc__E)
                  0000a56c    000000d1     stk.aem4f : nimu.oem4f (.text:NIMUReceivePacket)
                  0000a63d    00000001     --HOLE-- [fill = 0]
                  0000a63e    00000002     httpget_pem4f.oem4f (.text:xdc_runtime_Startup_reset__I)
                  0000a640    000000cc     stk.aem4f : icmp.oem4f (.text:ICMPSendRtAdv)
                  0000a70c    000000cc     nettool_ipv4.aem4f : dhcpbild.oem4f (.text:dhcpBuildHeader)
                  0000a7d8    000000cc                        : dhcpsm.oem4f (.text:dhcpIPAdd)
                  0000a8a4    000000cc                        : dhcppkt.oem4f (.text:dhcpVerifyMessage)
                  0000a970    000000cc     ti.targets.arm.rtsarm.aem4f : Core-smem.oem4f (.text:xdc_runtime_Core_constructObject__I)
                  0000aa3c    000000c8     stk.aem4f : rawethsock.oem4f (.text:RawEthSockNew)
                  0000ab04    000000c8     netctrl_min_ipv4.aem4f : netsrv.oem4f (.text:SPIpNet)
                  0000abcc    000000c4     drivers_tivaware.aem4f : EMACSnow.oem4f (.text:EMACSnow_InitDMADescriptors)
                  0000ac90    000000c4     stk.aem4f : igmp.oem4f (.text:IGMPJoinHostGroup)
                  0000ad54    000000c4     nettool_ipv4.aem4f : dhcpsm.oem4f (.text:StateBound)
                  0000ae18    000000c4     http_ndk.aem4f : httpcli.oem4f (.text:getChunkedData)
                  0000aedc    000000c2     nettool_ipv4.aem4f : dnspkt.oem4f (.text:DNSReadName)
                  0000af9e    00000002     --HOLE-- [fill = 0]
                  0000afa0    000000c0     httpget.obj (.text:netIPAddrHook)
                  0000b060    000000be     nettool_ipv4.aem4f : dnsclnt.oem4f (.text:DNSGetHostByName)
                  0000b11e    000000bc     stk.aem4f : sockpcb.oem4f (.text:SockPcbFind)
                  0000b1da    00000002     --HOLE-- [fill = 0]
                  0000b1dc    000000bc               : vlan.oem4f (.text:VLANDeinit)
                  0000b298    000000bc     sysbios.aem4f : BIOS.obj (.text:ti_sysbios_family_arm_m3_Hwi_excDebugMon__I)
                  0000b354    00000004     stk.aem4f : rawethsock_prot.oem4f (.text:RawEthSockPrAttach)
                  0000b358    000000bc     sysbios.aem4f : BIOS.obj (.text:ti_sysbios_family_arm_m3_Hwi_excHardFault__I)
                  0000b414    00000004     stk.aem4f : rawethsock_prot.oem4f (.text:RawEthSockPrDetach)
                  0000b418    000000bc     sysbios.aem4f : BIOS.obj (.text:ti_sysbios_knl_Task_exit__E)
                  0000b4d4    000000b8     EK_TM4C1294XL.obj (.text:EK_TM4C1294XL_initGeneral)
                  0000b58c    000000b8     stk.aem4f : icmpin.oem4f (.text:ICMPRevSrcRoute)
                  0000b644    000000b8               : lli.oem4f (.text:_LLITimeoutCheck)
                  0000b6fc    000000b4               : tcptime.oem4f (.text:TcpTimeoutKeep)
                  0000b7b0    000000b4     http_ndk.aem4f : httpcli.oem4f (.text:getStatus)
                  0000b864    00000004     os.aem4f : semaphore.oem4f (.text:SemPend)
                  0000b868    000000b4     sysbios.aem4f : BIOS.obj (.text:ti_sysbios_knl_Task_checkStacks__E)
                  0000b91c    000000b1     nettool_ipv4.aem4f : inetaddr.oem4f (.text:createAddrInfo)
                  0000b9cd    00000001     --HOLE-- [fill = 0]
                  0000b9ce    000000b0     stk.aem4f : rawethsock.oem4f (.text:RawEthSockSet)
                  0000ba7e    00000002     --HOLE-- [fill = 0]
                  0000ba80    000000ac               : rtable.oem4f (.text:RtTimeoutCheck)
                  0000bb2c    000000ac     http_ndk.aem4f : httpcli.oem4f (.text:httpProxyTunnel)
                  0000bbd8    000000ac     sysbios.aem4f : BIOS.obj (.text:ti_sysbios_family_arm_lm4_Timer_enableTiva__I)
                  0000bc84    000000aa     network_ndk.aem4f : ssock.oem4f (.text:Ssock_send)
                  0000bd2e    00000002     --HOLE-- [fill = 0]
                  0000bd30    000000a8     stk.aem4f : sockint.oem4f (.text:SockCreatePacket)
                  0000bdd8    000000a4     sysbios.aem4f : BIOS.obj (.text:ti_sysbios_knl_Task_setPri__E)
                  0000be7c    000000a0     stk.aem4f : ip.oem4f (.text:IPGetRoute)
                  0000bf1c    000000a0     auto_init.aem4f : auto_init.oem4f (.text)
                  0000bfbc    000000a0     ti.targets.arm.rtsarm.aem4f : Text.oem4f (.text:xdc_runtime_Text_putMod__E)
                  0000c05c    0000009e     stk.aem4f : nimu.oem4f (.text:NIMUAddEthernetHeader)
                  0000c0fa    0000009e     nettool_ipv4.aem4f : dhcpbild.oem4f (.text:dhcpBuildRequest)
                  0000c198    0000009c     stk.aem4f : exec.oem4f (.text:ExecOpen)
                  0000c234    0000009c     rtsv7M4_T_le_v4SPD16_eabi.lib : memcpy_t2.asm.obj (.text)
                  0000c2d0    0000009a     ti.targets.arm.rtsarm.aem4f : Text.oem4f (.text:xdc_runtime_Text_putSite__E)
                  0000c36a    00000002     --HOLE-- [fill = 0]
                  0000c36c    00000098     netctrl_min_ipv4.aem4f : netctrl.oem4f (.text:NC_SystemOpen)
                  0000c404    00000098                            : netsrv.oem4f (.text:ServiceScan)
                  0000c49c    00000098     Boot.aem4f : Boot.oem4f (.text:ti_catalog_arm_cortexm4_tiva_ce_Boot_sysCtlClockFreqSet__E)
                  0000c534    00000004     os.aem4f : semaphore.oem4f (.text:SemPost)
                  0000c538    00000098     sysbios.aem4f : BIOS.obj (.text:ti_sysbios_knl_Task_schedule__I)
                  0000c5d0    00000094     nettool_ipv4.aem4f : config.oem4f (.text:CfgRemoveEntry)
                  0000c664    00000004     os.aem4f : semaphore.oem4f (.text:SemReset)
                  0000c668    00000094     sysbios.aem4f : BIOS.obj (.text:ti_sysbios_family_arm_m3_Hwi_Instance_init__E)
                  0000c6fc    00000004     network_ndk.aem4f : ssock.oem4f (.text:Ssock_getSocket)
                  0000c700    00000094     sysbios.aem4f : BIOS.obj (.text:ti_sysbios_family_arm_m3_Hwi_initNVIC__E)
                  0000c794    00000090     nettool_ipv4.aem4f : config.oem4f (.text:CfgExecute)
                  0000c824    00000090     stk.aem4f : igmp.oem4f (.text:IGMPMsg)
                  0000c8b4    00000090     os.aem4f : mem.oem4f (.text:mmBulkAlloc)
                  0000c944    00000090     http_ndk.aem4f : httpcli.oem4f (.text:readLine)
                  0000c9d4    00000004     os.aem4f : task.oem4f (.text:TaskSelf)
                  0000c9d8    00000090     sysbios.aem4f : BIOS.obj (.text:ti_sysbios_knl_Task_Module_startup__E)
                  0000ca68    00000090                   : BIOS.obj (.text:ti_sysbios_knl_Task_startCore__E)
                  0000caf8    0000008c     nettool_ipv4.aem4f : dnscomn.oem4f (.text:DNSResolveQuery)
                  0000cb84    0000008c     drivers_tivaware.aem4f : GPIOTiva.oem4f (.text:GPIO_init)
                  0000cc10    0000008c     stk.aem4f : ip.oem4f (.text:IPMsg)
                  0000cc9c    0000008c     os.aem4f : mem.oem4f (.text:_mmInit)
                  0000cd28    0000008c              : mem.oem4f (.text:mmInitPage)
                  0000cdb4    0000008c     sysbios.aem4f : m3_TaskSupport_asm.obj (.text:ti_sysbios_family_arm_m3_TaskSupport_buildTaskStack)
                  0000ce40    0000008c                   : BIOS.obj (.text:ti_sysbios_knl_Event_post__E)
                  0000cecc    0000008a     netctrl_min_ipv4.aem4f : netsrv.oem4f (.text:SPRoute)
                  0000cf56    00000002     --HOLE-- [fill = 0]
                  0000cf58    00000088                            : netsrv.oem4f (.text:ServiceSpawn)
                  0000cfe0    00000088     stk.aem4f : sockpcb.oem4f (.text:SockPcbCtlError)
                  0000d068    00000087     httpget_pem4f.oem4f (.text:ti_ndk_config_Global_NetworkIPAddr)
                  0000d0ef    00000001     --HOLE-- [fill = 0]
                  0000d0f0    00000086     nettool_ipv4.aem4f : dhcpsm.oem4f (.text:StateRequesting)
                  0000d176    00000002     --HOLE-- [fill = 0]
                  0000d178    00000084                        : config.oem4f (.text:CfgGetEntry)
                  0000d1fc    00000084     drivers_tivaware.aem4f : EMACSnow.oem4f (.text:EMACSnow_processPhyInterrupt)
                  0000d280    00000084     stk.aem4f : tcpprot.oem4f (.text:TcpPrAttach)
                  0000d304    00000084     os.aem4f : mem.oem4f (.text:mmBulkFree)
                  0000d388    00000084              : mem.oem4f (.text:mmFree)
                  0000d40c    00000004              : task.oem4f (.text:TaskSetPri)
                  0000d410    00000084     sysbios.aem4f : BIOS.obj (.text:ti_sysbios_family_arm_m3_Hwi_postInit__I)
                  0000d494    00000082     nettool_ipv4.aem4f : dhcpsm.oem4f (.text:StateRenewRebind)
                  0000d516    00000002     --HOLE-- [fill = 0]
                  0000d518    00000080     drivers_tivaware.aem4f : EMACSnow.oem4f (.text:EMACSnow_emacStop)
                  0000d598    00000080                            : EMACSnow.oem4f (.text:EMACSnow_processPendingTx)
                  0000d618    00000080     stk.aem4f : lli.oem4f (.text:LLINew)
                  0000d698    00000080     netctrl_min_ipv4.aem4f : netsrv.oem4f (.text:NS_BootTask)
                  0000d718    00000080     stk.aem4f : pbm.oem4f (.text:PBM_alloc)
                  0000d798    00000080               : raw.oem4f (.text:RawOutput)
                  0000d818    0000007e     drivers_tivaware.aem4f : I2CTiva.oem4f (.text:I2CTiva_transfer)
                  0000d896    0000007e     stk.aem4f : fileuser.oem4f (.text:fdClose)
                  0000d914    0000007c     nettool_ipv4.aem4f : config.oem4f (.text:CfgGetNextEntry)
                  0000d990    0000007c     drivers_tivaware.aem4f : EMACSnow.oem4f (.text:EMACSnow_hwiIntFxn)
                  0000da0c    0000007c     stk.aem4f : igmp.oem4f (.text:IGMPDoMCast)
                  0000da88    0000007c               : igmp.oem4f (.text:IGMPJoin)
                  0000db04    0000007c               : socket.oem4f (.text:NDK_setsockopt)
                  0000db80    0000007c               : nimu.oem4f (.text:NIMURegister)
                  0000dbfc    0000007c               : pbm.oem4f (.text:PBM_free)
                  0000dc78    0000007c     nettool_ipv4.aem4f : inetaddr.oem4f (.text:inet_pton)
                  0000dcf4    00000004     hal_ser_stub.aem4f : llserstb.oem4f (.text:_llSerialInit)
                  0000dcf8    0000007c     sysbios.aem4f : BIOS.obj (.text:ti_sysbios_heaps_HeapMem_free__E)
                  0000dd74    0000007a     rtsv7M4_T_le_v4SPD16_eabi.lib : memset_t2.asm.obj (.text)
                  0000ddee    00000002     --HOLE-- [fill = 0]
                  0000ddf0    00000078     httpget.obj (.text:CallSocket)
                  0000de68    00000078     driverlib.lib : emac.obj (.text:EMACInit)
                  0000dee0    00000078     stk.aem4f : socket.oem4f (.text:NDK_sendto)
                  0000df58    00000078               : tcptime.oem4f (.text:TcpXmitTimer)
                  0000dfd0    00000078               : fileuser.oem4f (.text:fdOpenSession)
                  0000e048    00000078     os.aem4f : task.oem4f (.text:llExit)
                  0000e0c0    00000076     stk.aem4f : pipe.oem4f (.text:PipeSend)
                  0000e136    00000002     --HOLE-- [fill = 0]
                  0000e138    00000075               : tcptime.oem4f (.text:TcpTimeoutSackRexmt)
                  0000e1ad    00000003     --HOLE-- [fill = 0]
                  0000e1b0    00000074               : igmp.oem4f (.text:IGMPLeaveHostGroup)
                  0000e224    00000074               : nimu.oem4f (.text:NIMUShutdown)
                  0000e298    00000074               : raweth.oem4f (.text:RawEthRxPacket)
                  0000e30c    00000074               : sockpcb.oem4f (.text:SockPcbConnect)
                  0000e380    00000074     nettool_ipv4.aem4f : inetaddr.oem4f (.text:setAddrInfo)
                  0000e3f4    00000072     os.aem4f : semaphore.oem4f (.text:SemCreateBinary)
                  0000e466    00000002     --HOLE-- [fill = 0]
                  0000e468    00000070     http_ndk.aem4f : httpcli.oem4f (.text:HTTPCli_sendRequest)
                  0000e4d8    00000070     stk.aem4f : socket.oem4f (.text:NDK_send)
                  0000e548    00000070               : rtable.oem4f (.text:RtFlush)
                  0000e5b8    00000070     netctrl_min_ipv4.aem4f : netsrv.oem4f (.text:SPConfig)
                  0000e628    00000070     stk.aem4f : sock.oem4f (.text:SockShutdown)
                  0000e698    00000070     nettool_ipv4.aem4f : dhcptags.oem4f (.text:dhcpDecodeType)
                  0000e708    00000070     sysbios.aem4f : BIOS.obj (.text:ti_sysbios_knl_Clock_workFunc__E)
                  0000e778    0000006e     stk.aem4f : socket.oem4f (.text:NDK_recv)
                  0000e7e6    00000002     --HOLE-- [fill = 0]
                  0000e7e8    0000006e               : rtable.oem4f (.text:RtWalkNext)
                  0000e856    0000006e               : sockpcb.oem4f (.text:SockPcbFindRaw)
                  0000e8c4    0000006d               : node.oem4f (.text:NodeNew)
                  0000e931    00000003     --HOLE-- [fill = 0]
                  0000e934    0000006d     ti.targets.arm.rtsarm.aem4f : System.oem4f (.text:xdc_runtime_System_formatNum__I)
                  0000e9a1    00000003     --HOLE-- [fill = 0]
                  0000e9a4    0000006c     os.aem4f : ossys.oem4f (.text:DbgPrintf)
                  0000ea10    0000006c     stk.aem4f : node.oem4f (.text:NodeTreeNew)
                  0000ea7c    0000006c               : raweth.oem4f (.text:RawEthTxPacket)
                  0000eae8    0000006c               : udp.oem4f (.text:UdpChecksum)
                  0000eb54    0000006c     http_ndk.aem4f : httpcli.oem4f (.text:checkContentField)
                  0000ebc0    0000006c     httpget_pem4f.oem4f (.text:ti_ndk_config_ip_init)
                  0000ec2c    00000004     rtsv7M4_T_le_v4SPD16_eabi.lib : exit.c.obj (.text:abort:abort)
                  0000ec30    0000006c     sysbios.aem4f : BIOS.obj (.text:ti_sysbios_knl_Swi_restoreHwi__E)
                  0000ec9c    0000006c     ti.targets.arm.rtsarm.aem4f : Error.oem4f (.text:xdc_runtime_Error_print__E)
                  0000ed08    0000006c                                 : Memory.oem4f (.text:xdc_runtime_Memory_alloc__E)
                  0000ed74    0000006a     stk.aem4f : tcpprot.oem4f (.text:TcpPrInherit)
                  0000edde    00000002     --HOLE-- [fill = 0]
                  0000ede0    00000068     EK_TM4C1294XL.obj (.text:EK_TM4C1294XL_initI2C)
                  0000ee48    00000068     stk.aem4f : socket.oem4f (.text:NDK_socket)
                  0000eeb0    00000068               : pbm.oem4f (.text:PBM_open)
                  0000ef18    00000068               : rtable.oem4f (.text:_RtNodeInsert)
                  0000ef80    00000068     rtsv7M4_T_le_v4SPD16_eabi.lib : copy_decompress_lzss.c.obj (.text:decompress:lzss:__TI_decompress_lzss)
                  0000efe8    00000066     ti.targets.arm.rtsarm.aem4f : Core-mem.oem4f (.text:xdc_runtime_Core_deleteObject__I)
                  0000f04e    00000002     --HOLE-- [fill = 0]
                  0000f050    00000064     nettool_ipv4.aem4f : config.oem4f (.text:CfgFree)
                  0000f0b4    00000064     drivers_tivaware.aem4f : GPIOTiva.oem4f (.text:GPIO_hwiIntFxn)
                  0000f118    00000064     stk.aem4f : pbm.oem4f (.text:PBMQ_enq)
                  0000f17c    00000064               : sockint.oem4f (.text:SockSpawnAbort)
                  0000f1e0    00000064     hal_timer_bios.aem4f : lltimer.oem4f (.text:llTimerTick)
                  0000f244    00000004     stk.aem4f : listlib.oem4f (.text:list_get_head)
                  0000f248    00000064     sysbios.aem4f : BIOS.obj (.text:ti_sysbios_family_arm_lm4_Timer_Module_startup__E)
                  0000f2ac    00000064     httpget_pem4f.oem4f (.text:ti_sysbios_family_arm_m3_Hwi_create)
                  0000f310    00000064     sysbios.aem4f : BIOS.obj (.text:ti_sysbios_family_arm_m3_Hwi_dispatchC__I)
                  0000f374    00000004     stk.aem4f : listlib.oem4f (.text:list_get_next)
                  0000f378    00000064     sysbios.aem4f : BIOS.obj (.text:ti_sysbios_knl_Semaphore_post__E)
                  0000f3dc    00000064     stk.aem4f : lliin.oem4f (.text:updateRtTable)
                  0000f440    00000062     drivers_tivaware.aem4f : I2CTiva.oem4f (.text:I2CTiva_primeTransfer)
                  0000f4a2    00000062     stk.aem4f : ipin.oem4f (.text:IPRouteIP)
                  0000f504    00000062               : sb.oem4f (.text:SBNew)
                  0000f566    00000002     --HOLE-- [fill = 0]
                  0000f568    00000060     nettool_ipv4.aem4f : config.oem4f (.text:CfgGetEntryCnt)
                  0000f5c8    00000060     stk.aem4f : file.oem4f (.text:FdWaitEvent)
                  0000f628    00000060               : nimu.oem4f (.text:NIMUUnregister)
                  0000f688    00000060               : node.oem4f (.text:NodeFind)
                  0000f6e8    00000060               : rtc.oem4f (.text:RTCMsg)
                  0000f748    00000060               : tcp.oem4f (.text:TcpChecksum)
                  0000f7a8    00000060     nettool_ipv4.aem4f : dhcptags.oem4f (.text:dhcpBuildOptions)
                  0000f808    00000060     httpget_pem4f.oem4f (.text:ti_ndk_config_Global_serviceReport)
                  0000f868    0000005e     stk.aem4f : route.oem4f (.text:RtRemove)
                  0000f8c6    0000005e     nettool_ipv4.aem4f : dhcpsm.oem4f (.text:StateSelecting)
                  0000f924    0000005e     stk.aem4f : vlan.oem4f (.text:VLANReceivePacket)
                  0000f982    00000002     --HOLE-- [fill = 0]
                  0000f984    0000005c     nettool_ipv4.aem4f : config.oem4f (.text:CfgSetExecuteOrder)
                  0000f9e0    0000005c     stk.aem4f : nimu.oem4f (.text:NIMUIoctlSpecialCmd)
                  0000fa3c    0000005c     netctrl_min_ipv4.aem4f : netsrv.oem4f (.text:SPService)
                  0000fa98    0000005c     httpget_pem4f.oem4f (.text:ti_sysbios_knl_Swi_create)
                  0000faf4    00000004     http_ndk.aem4f : httpcli.oem4f (.text:threadExit)
                  0000faf8    0000005c     sysbios.aem4f : BIOS.obj (.text:ti_sysbios_knl_Swi_run__I)
                  0000fb54    00000004     httpget_pem4f.oem4f (.text:ti_sysbios_BIOS_RtsGateProxy_enter__E)
                  0000fb58    0000005c     sysbios.aem4f : BIOS.obj (.text:ti_sysbios_knl_Swi_schedule__I)
                  0000fbb4    0000005c     httpget_pem4f.oem4f (.text:ti_sysbios_knl_Task_create)
                  0000fc10    0000005c     sysbios.aem4f : BIOS.obj (.text:ti_sysbios_knl_Task_unblockI__E)
                  0000fc6c    0000005b     ti.targets.arm.rtsarm.aem4f : Text.oem4f (.text:xdc_runtime_Text_putLab__E)
                  0000fcc7    00000001     --HOLE-- [fill = 0]
                  0000fcc8    0000005a     stk.aem4f : route.oem4f (.text:RtRedirect)
                  0000fd22    0000005a               : tcpprot.oem4f (.text:TcpValidateMetrics)
                  0000fd7c    0000005a     nettool_ipv4.aem4f : dhcpbild.oem4f (.text:dhcpBuildDecline)
                  0000fdd6    0000005a     os.aem4f : mem.oem4f (.text:mmCopy)
                  0000fe30    0000005a     httpget_pem4f.oem4f (.text:ti_ndk_config_tcp_init)
                  0000fe8a    00000002     --HOLE-- [fill = 0]
                  0000fe8c    00000058     stk.aem4f : bind.oem4f (.text:BindFree)
                  0000fee4    00000058     boot.aem4f : boot.oem4f (.text)
                  0000ff3c    00000058     driverlib.lib : emac.obj (.text:EMACPHYConfigSet)
                  0000ff94    00000058     rtsv7M4_T_le_v4SPD16_eabi.lib : hostwrite.c.obj (.text:HOSTwrite)
                  0000ffec    00000058     stk.aem4f : igmp.oem4f (.text:IGMPTimer)
                  00010044    00000058     os.aem4f : semaphore.oem4f (.text:SemCreate)
                  0001009c    00000058     httpget_pem4f.oem4f (.text:ti_sysbios_family_arm_m3_Hwi_construct)
                  000100f4    00000058     sysbios.aem4f : m3_Hwi_asm_switch.obj (.text:ti_sysbios_family_arm_m3_Hwi_initStacks__E)
                  0001014c    00000056     driverlib.lib : gpio.obj (.text:GPIOIntTypeSet)
                  000101a2    00000056     http_ndk.aem4f : httpcli.oem4f (.text:sprsend)
                  000101f8    00000054     nettool_ipv4.aem4f : config.oem4f (.text:CfgEntryDeRef)
                  0001024c    00000054     http_ndk.aem4f : httpcli.oem4f (.text:HTTPCli_sendField)
                  000102a0    00000054     stk.aem4f : igmp.oem4f (.text:IGMPLeave)
                  000102f4    00000054               : rawethsock_pcb.oem4f (.text:RawEthSockPcbAttach)
                  00010348    00000054               : sockpcb.oem4f (.text:SockCleanPcb)
                  0001039c    00000054               : tcptime.oem4f (.text:TcpTimeoutPersist)
                  000103f0    00000054     http_ndk.aem4f : httpcli.oem4f (.text:asyncThread)
                  00010444    00000004     httpget_pem4f.oem4f (.text:ti_sysbios_BIOS_RtsGateProxy_leave__E)
                  00010448    00000054     sysbios.aem4f : BIOS.obj (.text:ti_sysbios_family_arm_lm4_Timer_initDevice__I)
                  0001049c    00000004                   : BIOS.obj (.text:ti_sysbios_family_arm_lm4_Timer_masterEnable__I)
                  000104a0    00000054                   : BIOS.obj (.text:ti_sysbios_knl_Swi_Instance_init__E)
                  000104f4    00000054     httpget_pem4f.oem4f (.text:ti_sysbios_knl_Task_construct)
                  00010548    00000054     ti.targets.arm.rtsarm.aem4f : Assert.oem4f (.text:xdc_runtime_Assert_raise__I)
                  0001059c    00000052     nettool_ipv4.aem4f : dnscomn.oem4f (.text:DNSReplyFree)
                  000105ee    00000052     stk.aem4f : tcpprot.oem4f (.text:TcpPrDetach)
                  00010640    00000050     drivers_tivaware.aem4f : GPIOTiva.oem4f (.text:GPIO_setCallback)
                  00010690    00000050                            : GPIOTiva.oem4f (.text:GPIO_toggle)
                  000106e0    00000050                            : GPIOTiva.oem4f (.text:GPIO_write)
                  00010730    00000050     stk.aem4f : socket.oem4f (.text:NDK_bind)
                  00010780    00000050               : socket.oem4f (.text:NDK_connect)
                  000107d0    00000050               : route.oem4f (.text:RtNew)
                  00010820    00000050     driverlib.lib : sysctl.obj (.text:SysCtlPeripheralReset)
                  00010870    00000050     Boot.aem4f : Boot_sysctl.oem4f (.text:_SysCtlFrequencyGet)
                  000108c0    00000050     sysbios.aem4f : BIOS.obj (.text:ti_sysbios_family_arm_m3_Hwi_Module_startup__E)
                  00010910    00000050                   : BIOS.obj (.text:ti_sysbios_knl_Clock_Instance_init__E)
                  00010960    00000050     ti.targets.arm.rtsarm.aem4f : Startup.oem4f (.text:xdc_runtime_Startup_exec__E)
                  000109b0    00000050                                 : Text.oem4f (.text:xdc_runtime_Text_visitRope2__I)
                  00010a00    0000004e     stk.aem4f : node.oem4f (.text:NodeDeRef)
                  00010a4e    0000004e     nettool_ipv4.aem4f : config.oem4f (.text:_CfgEntryScan)
                  00010a9c    0000004c                        : ipaddr.oem4f (.text:NtAddNetwork)
                  00010ae8    0000004c     stk.aem4f : sockint.oem4f (.text:SockValidateRoute)
                  00010b34    0000004c     rtsv7M4_T_le_v4SPD16_eabi.lib : atoi.c.obj (.text:atoi)
                  00010b80    0000004c                                   : cpy_tbl.c.obj (.text:copy_in)
                  00010bcc    00000004     httpget_pem4f.oem4f (.text:ti_sysbios_family_arm_m3_Hwi_delete)
                  00010bd0    0000004c     sysbios.aem4f : BIOS.obj (.text:ti_sysbios_heaps_HeapMem_getStats__E)
                  00010c1c    00000004     httpget_pem4f.oem4f (.text:ti_sysbios_family_arm_m3_Hwi_destruct)
                  00010c20    0000004c     sysbios.aem4f : BIOS.obj (.text:ti_sysbios_knl_Swi_runLoop__I)
                  00010c6c    00000004     httpget_pem4f.oem4f (.text:ti_sysbios_family_arm_m3_TaskSupport_Module__startupDone__S)
                  00010c70    0000004c     sysbios.aem4f : BIOS.obj (.text:ti_sysbios_knl_Task_allBlockedFunction__I)
                  00010cbc    0000004a     netctrl_min_ipv4.aem4f : netsrv.oem4f (.text:ServiceKill)
                  00010d06    0000004a     stk.aem4f : sock.oem4f (.text:SockDisconnect)
                  00010d50    0000004a               : timer.oem4f (.text:TimerNew)
                  00010d9a    00000048     nettool_ipv4.aem4f : config.oem4f (.text:CfgNew)
                  00010de2    00000002     --HOLE-- [fill = 0]
                  00010de4    00000048     driverlib.lib : gpio.obj (.text:GPIOPinConfigure)
                  00010e2c    00000048                   : i2c.obj (.text:I2CMasterInitExpClk)
                  00010e74    00000048     stk.aem4f : lli.oem4f (.text:LLIMsg)
                  00010ebc    00000048               : node.oem4f (.text:NodeWalk)
                  00010f04    00000048               : rawethsock_pcb.oem4f (.text:RawEthSockPcbDetach)
                  00010f4c    00000048               : sockpcb.oem4f (.text:SockPcbResolveChain)
                  00010f94    00000048               : tcpprot.oem4f (.text:TcpDrop)
                  00010fdc    00000048               : lli.oem4f (.text:_LLIExpListInsert)
                  00011024    00000048               : rtable.oem4f (.text:_RtExpListInsert)
                  0001106c    00000048               : file.oem4f (.text:fdint_lockfd)
                  000110b4    00000004     httpget_pem4f.oem4f (.text:ti_sysbios_heaps_HeapMem_Module_GateProxy_enter__E)
                  000110b8    00000048     sysbios.aem4f : BIOS.obj (.text:ti_sysbios_family_arm_lm4_Timer_enableTimers__I)
                  00011100    00000048                   : BIOS.obj (.text:ti_sysbios_family_arm_m3_Hwi_disableInterrupt__E)
                  00011148    00000048                   : BIOS.obj (.text:ti_sysbios_family_arm_m3_Hwi_enableInterrupt__E)
                  00011190    00000048                   : BIOS.obj (.text:ti_sysbios_family_arm_m3_Hwi_excReserved__I)
                  000111d8    00000048                   : BIOS.obj (.text:ti_sysbios_knl_Mailbox_Module_startup__E)
                  00011220    00000048                   : BIOS.obj (.text:ti_sysbios_knl_Task_deleteTerminatedTasksFunc__I)
                  00011268    00000046     nettool_ipv4.aem4f : ipaddr.oem4f (.text:NtIfIdx2Ip)
                  000112ae    00000046     stk.aem4f : rawethsock.oem4f (.text:RawEthSockSend)
                  000112f4    00000046               : tcpprot.oem4f (.text:TcpPrCtlError)
                  0001133a    00000046     os.aem4f : mem.oem4f (.text:mmZeroInit)
                  00011380    00000046     ti.targets.arm.rtsarm.aem4f : Core-params.oem4f (.text:xdc_runtime_Core_assignParams__I)
                  000113c6    00000002     --HOLE-- [fill = 0]
                  000113c8    00000044     drivers_tivaware.aem4f : EMACSnow.oem4f (.text:EMACSnow_processTransmitted)
                  0001140c    00000044     stk.aem4f : icmp.oem4f (.text:ICMPChecksum)
                  00011450    00000044               : ipfrag.oem4f (.text:IPReasmFree)
                  00011494    00000044               : lli.oem4f (.text:LLIGetValidTime)
                  000114d8    00000044               : rtable.oem4f (.text:RouteMsg)
                  0001151c    00000044               : rtable.oem4f (.text:RtWalkEnd)
                  00011560    00000044               : sockpcb.oem4f (.text:SockPcbDetach)
                  000115a4    00000044               : timer.oem4f (.text:TimerListInsert)
                  000115e8    00000044     hal_timer_bios.aem4f : lltimer.oem4f (.text:llTimerGetTime)
                  0001162c    00000004     httpget_pem4f.oem4f (.text:ti_sysbios_heaps_HeapMem_Module_GateProxy_leave__E)
                  00011630    00000044     sysbios.aem4f : BIOS.obj (.text:ti_sysbios_family_arm_lm4_Timer_isrStub__E)
                  00011674    00000004     httpget_pem4f.oem4f (.text:ti_sysbios_knl_Clock_TimerProxy_getMaxTicks__E)
                  00011678    00000044     sysbios.aem4f : BIOS.obj (.text:ti_sysbios_family_arm_m3_Hwi_getStackInfo__E)
                  000116bc    00000004     httpget_pem4f.oem4f (.text:ti_sysbios_knl_Queue_destruct)
                  000116c0    00000044     sysbios.aem4f : BIOS.obj (.text:ti_sysbios_knl_Mailbox_postInit__I)
                  00011704    00000004     httpget_pem4f.oem4f (.text:ti_sysbios_knl_Semaphore_delete)
                  00011708    00000044     sysbios.aem4f : BIOS.obj (.text:ti_sysbios_knl_Swi_post__E)
                  0001174c    00000044     ti.targets.arm.rtsarm.aem4f : Error.oem4f (.text:xdc_runtime_Error_setX__E)
                  00011790    00000044                                 : SysMin.oem4f (.text:xdc_runtime_SysMin_flush__E)
                  000117d4    00000044                                 : Text.oem4f (.text:xdc_runtime_Text_xprintf__I)
                  00011818    00000042     stk.aem4f : tcpprot.oem4f (.text:TcpPrSendOOB)
                  0001185a    00000042               : fileuser.oem4f (.text:fdCloseSession)
                  0001189c    00000040     nettool_ipv4.aem4f : dnspkt.oem4f (.text:DNSBuildRequest)
                  000118dc    00000040     http_ndk.aem4f : httpcli.oem4f (.text:HTTPCli_readResponseBody)
                  0001191c    00000040     stk.aem4f : lliin.oem4f (.text:LLIValidateRoute)
                  0001195c    00000040               : pbm.oem4f (.text:PBM_copy)
                  0001199c    00000040               : sockpcb.oem4f (.text:SockPcbRtChange)
                  000119dc    00000040               : tcpprot.oem4f (.text:TcpPrSend)
                  00011a1c    00000040     rtsv7M4_T_le_v4SPD16_eabi.lib : u_divt2.asm.obj (.text)
                  00011a5c    00000040     http_ndk.aem4f : httpcli.oem4f (.text:threadCreate)
                  00011a9c    00000004     httpget_pem4f.oem4f (.text:ti_sysbios_knl_Semaphore_destruct)
                  00011aa0    00000040     sysbios.aem4f : BIOS.obj (.text:ti_sysbios_family_arm_lm4_Timer_startup__E)
                  00011ae0    00000040                   : BIOS.obj (.text:ti_sysbios_heaps_HeapMem_Instance_init__E)
                  00011b20    0000003e     nettool_ipv4.aem4f : dhcpmain.oem4f (.text:DHCPClose)
                  00011b5e    00000002     --HOLE-- [fill = 0]
                  00011b60    0000003e     stk.aem4f : nimu.oem4f (.text:NIMUAllocateName)
                  00011b9e    0000003e     os.aem4f : task.oem4f (.text:TaskCreate)
                  00011bdc    0000003e     stk.aem4f : tcpprot.oem4f (.text:TcpPrDisconnect)
                  00011c1a    0000003e               : file.oem4f (.text:fdint_unlockfd)
                  00011c58    0000003c     nettool_ipv4.aem4f : config.oem4f (.text:CfgEntryGetData)
                  00011c94    0000003c     driverlib.lib : emac.obj (.text:EMACIntDisable)
                  00011cd0    0000003c     stk.aem4f : node.oem4f (.text:NodeUpdatePL)
                  00011d0c    0000003c               : rtable.oem4f (.text:RtWalkBegin)
                  00011d48    0000003c               : tcpprot.oem4f (.text:TcpPrConnect)
                  00011d84    0000003c               : tcptime.oem4f (.text:TcpSetPersist)
                  00011dc0    0000003c               : rtc.oem4f (.text:_RTCSendRtAdv)
                  00011dfc    0000003c               : rtable.oem4f (.text:_RtNodeRemove)
                  00011e38    0000003c     hal_timer_bios.aem4f : lltimer.oem4f (.text:_llTimerInit)
                  00011e74    0000003c     rtsv7M4_T_le_v4SPD16_eabi.lib : strncasecmp.c.obj (.text:strncasecmp)
                  00011eb0    0000003c     sysbios.aem4f : BIOS.obj (.text:ti_sysbios_family_arm_m3_Hwi_excSvCall__I)
                  00011eec    00000004     httpget_pem4f.oem4f (.text:ti_sysbios_knl_Swi_delete)
                  00011ef0    0000003c     sysbios.aem4f : BIOS.obj (.text:ti_sysbios_heaps_HeapMem_init__I)
                  00011f2c    00000004     httpget_pem4f.oem4f (.text:ti_sysbios_knl_Task_delete)
                  00011f30    0000003c     sysbios.aem4f : BIOS.obj (.text:ti_sysbios_knl_Swi_restore__E)
                  00011f6c    0000003a     driverlib.lib : emac.obj (.text:EMACIntEnable)
                  00011fa6    0000003a     drivers_tivaware.aem4f : I2CTiva.oem4f (.text:I2CTiva_completeTransfer)
                  00011fe0    00000038     driverlib.lib : emac.obj (.text:EMACConfigGet)
                  00012018    00000038     drivers_tivaware.aem4f : I2C.oem4f (.text:I2C_init)
                  00012050    00000038     stk.aem4f : ipfrag.oem4f (.text:IPReasmTimeout)
                  00012088    00000038               : node.oem4f (.text:NodeGetRt)
                  000120c0    00000038     driverlib.lib : sysctl.obj (.text:SysCtlPeripheralReady)
                  000120f8    00000038     stk.aem4f : tcpprot.oem4f (.text:TcpClose)
                  00012130    00000038               : timer.oem4f (.text:TimerHSTick)
                  00012168    00000038     rtsv7M4_T_le_v4SPD16_eabi.lib : trgmsg.c.obj (.text:__TI_writemsg)
                  000121a0    00000038     nettool_ipv4.aem4f : dhcpbild.oem4f (.text:dhcpBuildDiscover)
                  000121d8    00000038                        : dhcptags.oem4f (.text:dhcpOptionsClear)
                  00012210    00000038     stk.aem4f : file.oem4f (.text:fdint_waitevent)
                  00012248    00000038     sysbios.aem4f : BIOS.obj (.text:ti_sysbios_family_arm_m3_Hwi_excNoIsr__I)
                  00012280    00000038     httpget_pem4f.oem4f (.text:ti_sysbios_knl_Clock_create)
                  000122b8    00000038     sysbios.aem4f : BIOS.obj (.text:ti_sysbios_knl_Task_processVitalTaskFlag__I)
                  000122f0    00000038     ti.targets.arm.rtsarm.aem4f : SysMin.oem4f (.text:xdc_runtime_SysMin_putch__E)
                  00012328    00000038                                 : System.oem4f (.text:xdc_runtime_System_atexit__E)
                  00012360    00000036     drivers_tivaware.aem4f : I2CTiva.oem4f (.text:I2CTiva_close)
                  00012396    00000036     stk.aem4f : ip.oem4f (.text:IPChecksum)
                  000123cc    00000036     network_ndk.aem4f : ssock.oem4f (.text:Ssock_recv)
                  00012402    00000036     rtsv7M4_T_le_v4SPD16_eabi.lib : strncpy.c.obj (.text:strncpy)
                  00012438    00000035     httpget.obj (.text:printError)
                  0001246d    00000003     --HOLE-- [fill = 0]
                  00012470    00000034     nettool_ipv4.aem4f : config.oem4f (.text:CfgSetService)
                  000124a4    00000034     driverlib.lib : emac.obj (.text:EMACConfigSet)
                  000124d8    00000034                   : emac.obj (.text:EMACIntClear)
                  0001250c    00000034     drivers_tivaware.aem4f : EMACSnow.oem4f (.text:EMACSnow_emacPoll)
                  00012540    00000034                            : EMACSnow.oem4f (.text:EMACSnow_isLinkUp)
                  00012574    00000034                            : EMAC.oem4f (.text:EMAC_init)
                  000125a8    00000034     stk.aem4f : exec.oem4f (.text:ExecClose)
                  000125dc    00000034               : nimu.oem4f (.text:NIMUFindByName)
                  00012610    00000034               : nimu.oem4f (.text:NIMUInit)
                  00012644    00000034               : rawethsock.oem4f (.text:RawEthSockNotify)
                  00012678    00000034               : sockprot.oem4f (.text:SockPrCtlError)
                  000126ac    00000034     driverlib.lib : sysctl.obj (.text:SysCtlPeripheralEnable)
                  000126e0    00000034     rtsv7M4_T_le_v4SPD16_eabi.lib : trgmsg.c.obj (.text:__TI_readmsg)
                  00012714    00000034     os.aem4f : mem.oem4f (.text:mmUnInitPage)
                  00012748    00000034              : ossys.oem4f (.text:stricmp)
                  0001277c    00000034     rtsv7M4_T_le_v4SPD16_eabi.lib : strstr.c.obj (.text:strstr)
                  000127b0    00000034     sysbios.aem4f : BIOS.obj (.text:ti_sysbios_family_arm_m3_Hwi_Instance_finalize__E)
                  000127e4    00000004     ti.targets.arm.rtsarm.aem4f : Error.oem4f (.text:xdc_runtime_Error_getMsg__E)
                  000127e8    00000034     sysbios.aem4f : BIOS.obj (.text:ti_sysbios_family_arm_m3_Hwi_excNmi__I)
                  0001281c    00000004     ti.targets.arm.rtsarm.aem4f : Error.oem4f (.text:xdc_runtime_Error_getSite__E)
                  00012820    00000034     sysbios.aem4f : BIOS.obj (.text:ti_sysbios_hal_Hwi_checkStack)
                  00012854    00000034     httpget_pem4f.oem4f (.text:ti_sysbios_knl_Semaphore_create)
                  00012888    00000034     ti.targets.arm.rtsarm.aem4f : Core-label.oem4f (.text:xdc_runtime_Core_assignLabel__I)
                  000128bc    00000033                                 : Text.oem4f (.text:xdc_runtime_Text_printVisFxn__I)
                  000128ef    00000001     --HOLE-- [fill = 0]
                  000128f0    00000032     nettool_ipv4.aem4f : config.oem4f (.text:CfgGetImmediate)
                  00012922    00000032     stk.aem4f : route.oem4f (.text:RtDeRef)
                  00012954    00000032               : route.oem4f (.text:RtSetFailure)
                  00012986    00000032               : sb.oem4f (.text:SBFlush)
                  000129b8    00000032               : sb.oem4f (.text:SBSetMax)
                  000129ea    00000032               : sock.oem4f (.text:SockIntAbort)
                  00012a1c    00000032     nettool_ipv4.aem4f : config.oem4f (.text:_CfgAcquire)
                  00012a4e    00000032                        : dhcpsm.oem4f (.text:dhcpIPRemove)
                  00012a80    00000032     sysbios.aem4f : BIOS.obj (.text:ti_sysbios_hal_Hwi_initStack)
                  00012ab2    00000006     driverlib.lib : emac.obj (.text:EMACRxDMADescriptorListSet)
                  00012ab8    00000032     sysbios.aem4f : BIOS.obj (.text:ti_sysbios_knl_Event_pendTimeout__I)
                  00012aea    00000006     driverlib.lib : emac.obj (.text:EMACTxDMADescriptorListSet)
                  00012af0    00000032     sysbios.aem4f : BIOS.obj (.text:ti_sysbios_knl_Semaphore_pendTimeout__I)
                  00012b22    00000030     driverlib.lib : emac.obj (.text:EMACAddrSet)
                  00012b52    00000002     --HOLE-- [fill = 0]
                  00012b54    00000030     drivers_tivaware.aem4f : EMACSnow.oem4f (.text:EMACSnow_handlePackets)
                  00012b84    00000030                            : I2C.oem4f (.text:I2C_open)
                  00012bb4    00000030     netctrl_min_ipv4.aem4f : netsrv.oem4f (.text:NS_PreBoot)
                  00012be4    00000030     stk.aem4f : sock.oem4f (.text:SockBind)
                  00012c14    00000030     nettool_ipv4.aem4f : dhcpsock.oem4f (.text:dhcpPacketSend)
                  00012c44    00000030     stk.aem4f : listlib.oem4f (.text:list_remove_node)
                  00012c74    00000030     http_ndk.aem4f : httpcli.oem4f (.text:skipLine)
                  00012ca4    00000030     httpget_pem4f.oem4f (.text:ti_sysbios_BIOS_atExitFunc__I)
                  00012cd4    00000004     httpget_pem4f.oem4f (.text:xdc_runtime_System_Module_GateProxy_enter__E)
                  00012cd8    00000030     sysbios.aem4f : BIOS.obj (.text:ti_sysbios_family_arm_lm4_Timer_stop__E)
                  00012d08    00000030                   : BIOS.obj (.text:ti_sysbios_family_arm_m3_TaskSupport_start__E)
                  00012d38    00000030     httpget_pem4f.oem4f (.text:ti_sysbios_gates_GateHwi_Object__create__S)
                  00012d68    00000030     httpget_pem4f.oem4f (.text:ti_sysbios_gates_GateMutex_Object__create__S)
                  00012d98    00000030     sysbios.aem4f : BIOS.obj (.text:ti_sysbios_gates_GateMutex_enter__E)
                  00012dc8    00000030     httpget_pem4f.oem4f (.text:ti_sysbios_heaps_HeapMem_Object__create__S)
                  00012df8    00000030     httpget_pem4f.oem4f (.text:ti_sysbios_knl_Semaphore_construct)
                  00012e28    00000030     ti.targets.arm.rtsarm.aem4f : SysMin.oem4f (.text:xdc_runtime_SysMin_abort__E)
                  00012e58    00000030                                 : System.oem4f (.text:xdc_runtime_System_processAtExit__E)
                  00012e88    0000002e     stk.aem4f : sb.oem4f (.text:SBFree)
                  00012eb6    0000002e     httpget_pem4f.oem4f (.text:malloc)
                  00012ee4    0000002e     rtsv7M4_T_le_v4SPD16_eabi.lib : strcasecmp.c.obj (.text:strcasecmp)
                  00012f12    0000002c     driverlib.lib : emac.obj (.text:EMACIntStatus)
                  00012f3e    0000002c     stk.aem4f : file.oem4f (.text:FdSignalEvent)
                  00012f6a    00000002     --HOLE-- [fill = 0]
                  00012f6c    0000002c               : igmp.oem4f (.text:IGMPTestGroup)
                  00012f98    0000002c     os.aem4f : task.oem4f (.text:NDK_hookCreate)
                  00012fc4    0000002c     stk.aem4f : nimu.oem4f (.text:NIMUAllocateIndex)
                  00012ff0    0000002c               : nimu.oem4f (.text:NIMUPacketServiceCheck)
                  0001301c    0000002c               : pipe.oem4f (.text:PipeClose)
                  00013048    0000002c               : sockpcb.oem4f (.text:SockPcbAttach)
                  00013074    0000002c               : lli.oem4f (.text:_LLIExpListRemove)
                  000130a0    0000002c               : lli.oem4f (.text:_LLITimeoutFlush)
                  000130cc    0000002c               : rtable.oem4f (.text:_RtExpListRemove)
                  000130f8    0000002c     http_ndk.aem4f : httpcli.oem4f (.text:lookUpResponseFields)
                  00013124    0000002c     rtsv7M4_T_le_v4SPD16_eabi.lib : strncmp.c.obj (.text:strncmp)
                  00013150    0000002c     httpget_pem4f.oem4f (.text:ti_sysbios_knl_Clock_doTick__I)
                  0001317c    0000002c     httpget_pem4f.oem4f (.text:ti_sysbios_knl_Queue_construct)
                  000131a8    0000002c     sysbios.aem4f : BIOS.obj (.text:ti_sysbios_knl_Task_restore__E)
                  000131d4    0000002c     ti.targets.arm.rtsarm.aem4f : Text.oem4f (.text:xdc_runtime_Text_cordText__E)
                  00013200    0000002a     driverlib.lib : gpio.obj (.text:GPIODirModeSet)
                  0001322a    0000002a     stk.aem4f : pbm.oem4f (.text:PBMQ_deq)
                  00013254    0000002a     netctrl_min_ipv4.aem4f : netsrv.oem4f (.text:ServiceCallback)
                  0001327e    0000002a     nettool_ipv4.aem4f : config.oem4f (.text:_CfgRelease)
                  000132a8    0000002a                        : inetaddr.oem4f (.text:mergeLists)
                  000132d2    0000002a     ti.targets.arm.rtsarm.aem4f : System.oem4f (.text:xdc_runtime_System_putchar__I)
                  000132fc    00000028     stk.aem4f : bind.oem4f (.text:BindFindByNet)
                  00013324    00000028               : lli.oem4f (.text:LLIFree)
                  0001334c    00000028     netctrl_min_ipv4.aem4f : netctrl.oem4f (.text:NC_SystemClose)
                  00013374    00000028     stk.aem4f : nimu.oem4f (.text:NIMUCreatePacket)
                  0001339c    00000028               : nimu.oem4f (.text:NIMUPacketService)
                  000133c4    00000028               : tcpin.oem4f (.text:TcpEnterTimeWait)
                  000133ec    00000028               : timer.oem4f (.text:TimerListRemove)
                  00013414    00000028               : vlan.oem4f (.text:VLANFindSourceInterface)
                  0001343c    00000028               : vlan.oem4f (.text:VLANInit)
                  00013464    00000028     nettool_ipv4.aem4f : dhcpsock.oem4f (.text:dhcpPacketReceive)
                  0001348c    00000028     drivers_tivaware.aem4f : EMACSnow.oem4f (.text:signalLinkChange)
                  000134b4    00000004     httpget_pem4f.oem4f (.text:xdc_runtime_System_Module_GateProxy_leave__E)
                  000134b8    00000028     sysbios.aem4f : BIOS.obj (.text:ti_sysbios_knl_Swi_Module_startup__E)
                  000134e0    00000026     nettool_ipv4.aem4f : config.oem4f (.text:CfgEntryInfo)
                  00013506    00000026     driverlib.lib : emac.obj (.text:EMACPHYRead)
                  0001352c    00000026                   : emac.obj (.text:EMACPHYWrite)
                  00013552    00000026     stk.aem4f : rawethsock.oem4f (.text:RawEthSockClose)
                  00013578    00000026     sysbios.aem4f : m3_Hwi_asm.obj (.text:ti_sysbios_family_arm_m3_Hwi_pendSV__I)
                  0001359e    00000026     ti.targets.arm.rtsarm.aem4f : System.oem4f (.text:xdc_runtime_System_avprintf__E)
                  000135c4    00000024     stk.aem4f : bind.oem4f (.text:BindFindByHost)
                  000135e8    00000024               : bind.oem4f (.text:BindGetIFByDBCast)
                  0001360c    00000024     drivers_tivaware.aem4f : EMACSnow.oem4f (.text:EMACSnow_pkt_service)
                  00013630    00000024                            : EMACSnow.oem4f (.text:EMACSnow_primeRx)
                  00013654    00000024     stk.aem4f : exec.oem4f (.text:ExecTimer)
                  00013678    00000024     http_ndk.aem4f : httpcli.oem4f (.text:HTTPCli_disconnect)
                  0001369c    00000024     stk.aem4f : nimu.oem4f (.text:NIMUFindByIndex)
                  000136c0    00000024               : rtc.oem4f (.text:RTCAddHook)
                  000136e4    00000024               : rawethsock_pcb.oem4f (.text:RawEthSockPcbFind)
                  00013708    00000024               : route.oem4f (.text:RtFree)
                  0001372c    00000024               : route.oem4f (.text:RtSetTimeout)
                  00013750    00000024               : sockpcb.oem4f (.text:SockPcbCleanup)
                  00013774    00000024               : tcptime.oem4f (.text:TcpTimeoutWait2)
                  00013798    00000024     nettool_ipv4.aem4f : config.oem4f (.text:_CfgEntryProcess)
                  000137bc    00000024     http_ndk.aem4f : httpcli.oem4f (.text:getRequestFieldValue)
                  000137e0    00000024     httpget_pem4f.oem4f (.text:ti_sysbios_BIOS_errorRaiseHook__I)
                  00013804    00000024     httpget_pem4f.oem4f (.text:ti_sysbios_BIOS_registerRTSLock__I)
                  00013828    00000024     httpget_pem4f.oem4f (.text:ti_sysbios_BIOS_removeRTSLock__I)
                  0001384c    00000024     httpget_pem4f.oem4f (.text:ti_sysbios_BIOS_startFunc__I)
                  00013870    00000024     httpget_pem4f.oem4f (.text:ti_sysbios_gates_GateMutex_Object__delete__S)
                  00013894    00000004     ti.targets.arm.rtsarm.aem4f : System.oem4f (.text:xdc_runtime_System_aprintf_va__F)
                  00013898    00000024     sysbios.aem4f : BIOS.obj (.text:ti_sysbios_knl_Clock_Module_startup__E)
                  000138bc    00000004     ti.targets.arm.rtsarm.aem4f : System.oem4f (.text:xdc_runtime_System_printf_va__F)
                  000138c0    00000024     sysbios.aem4f : BIOS.obj (.text:ti_sysbios_knl_Semaphore_Instance_init__E)
                  000138e4    00000024     httpget_pem4f.oem4f (.text:ti_sysbios_knl_Semaphore_Object__delete__S)
                  00013908    00000024     sysbios.aem4f : BIOS.obj (.text:ti_sysbios_knl_Task_restoreHwi__E)
                  0001392c    00000024     ti.targets.arm.rtsarm.aem4f : System.oem4f (.text:xdc_runtime_System_vprintf__E)
                  00013950    00000022     nettool_ipv4.aem4f : config.oem4f (.text:CfgEntryRef)
                  00013972    00000022     stk.aem4f : vlan.oem4f (.text:VLANFindNode)
                  00013994    00000004     --HOLE-- [fill = 0]
                  00013998    00000022     sysbios.aem4f : BIOS.obj (.text:ti_sysbios_family_arm_lm4_Timer_write__I)
                  000139ba    00000022     httpget_pem4f.oem4f (.text:xdc_runtime_SysMin_output__I)
                  000139dc    00000020     netctrl_min_ipv4.aem4f : netctrl.oem4f (.text:NC_BootComplete)
                  000139fc    00000020     stk.aem4f : nimu.oem4f (.text:NIMUGetNumOfObject)
                  00013a1c    00000020               : rtc.oem4f (.text:RTCRemoveHook)
                  00013a3c    00000020               : tcp.oem4f (.text:TcpTimeoutRemove)
                  00013a5c    00000020     Boot.aem4f : Boot_sysctl.oem4f (.text:_SysCtlMemTimingGet)
                  00013a7c    00000020     httpget_pem4f.oem4f (.text:ti_sysbios_BIOS_rtsLock__I)
                  00013a9c    00000020     httpget_pem4f.oem4f (.text:ti_sysbios_family_arm_m3_Hwi_Object__delete__S)
                  00013abc    00000020     sysbios.aem4f : m3_Hwi_asm.obj (.text:ti_sysbios_family_arm_m3_Hwi_excHandlerAsm__I)
                  00013adc    00000004     --HOLE-- [fill = 0]
                  00013ae0    00000020                   : BIOS.obj (.text:ti_sysbios_family_arm_m3_Hwi_excHandler__I)
                  00013b00    00000020     httpget_pem4f.oem4f (.text:ti_sysbios_gates_GateHwi_Object__delete__S)
                  00013b20    00000020     httpget_pem4f.oem4f (.text:ti_sysbios_heaps_HeapMem_Object__delete__S)
                  00013b40    00000020     sysbios.aem4f : BIOS.obj (.text:ti_sysbios_knl_Idle_run__E)
                  00013b60    00000020     httpget_pem4f.oem4f (.text:ti_sysbios_knl_Semaphore_Object__destruct__S)
                  00013b80    00000020     httpget_pem4f.oem4f (.text:ti_sysbios_knl_Swi_Object__delete__S)
                  00013ba0    00000020     httpget_pem4f.oem4f (.text:ti_sysbios_knl_Task_Object__delete__S)
                  00013bc0    00000020     ti.targets.arm.rtsarm.aem4f : Registry.oem4f (.text:xdc_runtime_Registry_findById__E)
                  00013be0    00000020                                 : SysMin.oem4f (.text:xdc_runtime_SysMin_Module_startup__E)
                  00013c00    0000001e     stk.aem4f : fileuser.oem4f (.text:fdError)
                  00013c1e    0000001e               : listlib.oem4f (.text:list_remove)
                  00013c3c    0000001e     httpget.obj (.text:send)
                  00013c5a    0000001e     rtsv7M4_T_le_v4SPD16_eabi.lib : strcat.c.obj (.text:strcat)
                  00013c78    0000001e     sysbios.aem4f : m3_Hwi_asm_switch.obj (.text:ti_sysbios_family_xxx_Hwi_switchAndRunFunc)
                  00013c96    00000002     --HOLE-- [fill = 0]
                  00013c98    0000001c     stk.aem4f : bind.oem4f (.text:BindFindByIF)
                  00013cb4    0000001c               : exec.oem4f (.text:ExecBroadcast)
                  00013cd0    0000001c     os.aem4f : ossys.oem4f (.text:NDK_sprintf)
                  00013cec    0000001c     stk.aem4f : nimu.oem4f (.text:NIMUAddHeader)
                  00013d08    0000001c               : sockprot.oem4f (.text:SockPrDetach)
                  00013d24    0000001c     network_ndk.aem4f : ssock.oem4f (.text:Ssock_destruct)
                  00013d40    0000001c     os.aem4f : task.oem4f (.text:TaskDestroy)
                  00013d5c    0000001c     drivers_tivaware.aem4f : GPIOTiva.oem4f (.text:getGpioIntIndex)
                  00013d78    0000001c     httpget_pem4f.oem4f (.text:ti_ndk_config_global_taskCreateHook)
                  00013d94    0000001c     httpget_pem4f.oem4f (.text:ti_sysbios_family_arm_m3_Hwi_Object__destruct__S)
                  00013db0    0000001c     sysbios.aem4f : BIOS.obj (.text:ti_sysbios_gates_GateMutex_Instance_init__E)
                  00013dcc    0000001c     httpget_pem4f.oem4f (.text:ti_sysbios_knl_Queue_Object__destruct__S)
                  00013de8    0000001c     sysbios.aem4f : BIOS.obj (.text:ti_sysbios_knl_Queue_put__E)
                  00013e04    00000004     --HOLE-- [fill = 0]
                  00013e08    0000001c                   : BIOS.obj (.text:ti_sysbios_knl_Task_enter__I)
                  00013e24    0000001c     ti.targets.arm.rtsarm.aem4f : Error.oem4f (.text:xdc_runtime_Error_raiseX__E)
                  00013e40    0000001c                                 : Memory.oem4f (.text:xdc_runtime_Memory_valloc__E)
                  00013e5c    0000001c                                 : SysMin.oem4f (.text:xdc_runtime_SysMin_exit__E)
                  00013e78    0000001c                                 : System.oem4f (.text:xdc_runtime_System_abort__E)
                  00013e94    0000001a     stk.aem4f : bind.oem4f (.text:BindGetIP)
                  00013eae    0000001a               : sockint.oem4f (.text:SockSetOOBMark)
                  00013ec8    0000001a               : file.oem4f (.text:fdint_getfdt)
                  00013ee2    0000001a     httpget_pem4f.oem4f (.text:free)
                  00013efc    0000001a     httpget_pem4f.oem4f (.text:ti_sysbios_family_arm_m3_Hwi_Handle__label__S)
                  00013f16    0000001a     httpget_pem4f.oem4f (.text:ti_sysbios_gates_GateHwi_Handle__label__S)
                  00013f30    0000001a     httpget_pem4f.oem4f (.text:ti_sysbios_gates_GateMutex_Handle__label__S)
                  00013f4a    0000001a     httpget_pem4f.oem4f (.text:ti_sysbios_heaps_HeapMem_Handle__label__S)
                  00013f64    0000001a     httpget_pem4f.oem4f (.text:ti_sysbios_knl_Swi_Handle__label__S)
                  00013f7e    0000001a     httpget_pem4f.oem4f (.text:ti_sysbios_knl_Task_Handle__label__S)
                  00013f98    0000001a     sysbios.aem4f : BIOS.obj (.text:ti_sysbios_knl_Task_sleepTimeout__I)
                  00013fb2    0000001a     httpget_pem4f.oem4f (.text:xdc_runtime_System_aprintf__E)
                  00013fcc    0000001a     httpget_pem4f.oem4f (.text:xdc_runtime_System_printf__E)
                  00013fe6    00000002     --HOLE-- [fill = 0]
                  00013fe8    00000018     drivers_tivaware.aem4f : EMACSnow.oem4f (.text:EMACSnow_emacSend)
                  00014000    00000018     stk.aem4f : ip.oem4f (.text:IPRtChange)
                  00014018    00000018               : rawethsock_pcb.oem4f (.text:RawEthSockPcbCleanup)
                  00014030    00000018     nettool_ipv4.aem4f : ipaddr.oem4f (.text:RouteHook)
                  00014048    00000018     stk.aem4f : tcpin.oem4f (.text:SEQ_GEQ)
                  00014060    00000018               : tcpout.oem4f (.text:SEQ_GEQ)
                  00014078    00000018               : tcpin.oem4f (.text:SEQ_GT)
                  00014090    00000018               : tcpout.oem4f (.text:SEQ_GT)
                  000140a8    00000018               : tcpin.oem4f (.text:SEQ_LEQ)
                  000140c0    00000018               : tcpout.oem4f (.text:SEQ_LEQ)
                  000140d8    00000018               : tcpin.oem4f (.text:SEQ_LT)
                  000140f0    00000018               : tcpout.oem4f (.text:SEQ_LT)
                  00014108    00000018               : tcp.oem4f (.text:TcpTimeoutAdd)
                  00014120    00000018     rtsv7M4_T_le_v4SPD16_eabi.lib : args_main.c.obj (.text:_args_main)
                  00014138    00000018     nettool_ipv4.aem4f : dhcpsock.oem4f (.text:dhcpSocketClose)
                  00014150    00000018                        : inetaddr.oem4f (.text:freeaddrinfo)
                  00014168    00000018     stk.aem4f : listlib.oem4f (.text:list_add)
                  00014180    00000018     rtsv7M4_T_le_v4SPD16_eabi.lib : strcmp.c.obj (.text:strcmp)
                  00014198    00000018     httpget_pem4f.oem4f (.text:ti_sysbios_BIOS_rtsUnlock__I)
                  000141b0    00000018     httpget_pem4f.oem4f (.text:ti_sysbios_family_arm_lm4_Timer_Module__startupDone__F)
                  000141c8    00000018     httpget_pem4f.oem4f (.text:ti_sysbios_family_arm_m3_Hwi_Module__startupDone__F)
                  000141e0    00000018     sysbios.aem4f : m3_TaskSupport_asm.obj (.text:ti_sysbios_family_arm_m3_TaskSupport_swap__E)
                  000141f8    00000018                   : BIOS.obj (.text:ti_sysbios_gates_GateMutex_leave__E)
                  00014210    00000018     ti.targets.arm.rtsarm.aem4f : Error.oem4f (.text:xdc_runtime_Error_check__E)
                  00014228    00000018                                 : System.oem4f (.text:xdc_runtime_System_exit__E)
                  00014240    00000018                                 : Text.oem4f (.text:xdc_runtime_Text_ropeText__E)
                  00014258    00000016     driverlib.lib : emac.obj (.text:EMACReset)
                  0001426e    00000016                   : emac.obj (.text:EMACRxEnable)
                  00014284    00000016                   : emac.obj (.text:EMACTxEnable)
                  0001429a    00000016     http_ndk.aem4f : httpcli.oem4f (.text:HTTPCli_destruct)
                  000142b0    00000016                    : httpcli.oem4f (.text:HTTPCli_readRawResponseBody)
                  000142c6    00000016     driverlib.lib : i2c.obj (.text:I2CMasterErr)
                  000142dc    00000016     stk.aem4f : file.oem4f (.text:fdint_freefdt)
                  000142f2    00000016     rtsv7M4_T_le_v4SPD16_eabi.lib : strchr.c.obj (.text:strchr)
                  00014308    00000016     httpget_pem4f.oem4f (.text:ti_sysbios_BIOS_exitFunc__I)
                  0001431e    00000016     httpget.obj (.text:ti_sysbios_knl_Task_Params_init)
                  00014334    00000016     ti.targets.arm.rtsarm.aem4f : System.oem4f (.text:xdc_runtime_System_vsprintf__E)
                  0001434a    00000014     stk.aem4f : bind.oem4f (.text:BindIPHost2IF)
                  0001435e    00000002     --HOLE-- [fill = 0]
                  00014360    00000014     driverlib.lib : flash.obj (.text:FlashUserGet)
                  00014374    00000014     http_ndk.aem4f : httpcli.oem4f (.text:HTTPCli_getResponseStatus)
                  00014388    00000014     netctrl_min_ipv4.aem4f : netctrl.oem4f (.text:NC_NetStop)
                  0001439c    00000014     os.aem4f : task.oem4f (.text:NDK_hookExit)
                  000143b0    00000014     stk.aem4f : nimu.oem4f (.text:NIMUSendPacket)
                  000143c4    00000014     nettool_ipv4.aem4f : ipaddr.oem4f (.text:NtRemoveNetwork)
                  000143d8    00000014     stk.aem4f : rawethsock_pcb.oem4f (.text:RawEthSockPcbInit)
                  000143ec    00000014     network_ndk.aem4f : ssock.oem4f (.text:Ssock_construct)
                  00014400    00000014     stk.aem4f : timer.oem4f (.text:TimerFree)
                  00014414    00000014     httpget.obj (.text:connect)
                  00014428    00000014     httpget.obj (.text:heartBeatFxn)
                  0001443c    00000014     httpget.obj (.text:socket)
                  00014450    00000014     rtsv7M4_T_le_v4SPD16_eabi.lib : strcpy.c.obj (.text:strcpy)
                  00014464    00000014                                   : strlen.c.obj (.text:strlen)
                  00014478    00000014     httpget_pem4f.oem4f (.text:ti_ndk_config_global_taskExitHook)
                  0001448c    00000014     httpget_pem4f.oem4f (.text:ti_sysbios_family_arm_m3_Hwi_Object__get__S)
                  000144a0    00000014     sysbios.aem4f : BIOS.obj (.text:ti_sysbios_family_arm_m3_Hwi_switchFromBootStack__E)
                  000144b4    00000014     httpget_pem4f.oem4f (.text:ti_sysbios_heaps_HeapMem_Object__get__S)
                  000144c8    00000014     httpget_pem4f.oem4f (.text:ti_sysbios_knl_Swi_Object__get__S)
                  000144dc    00000014     httpget_pem4f.oem4f (.text:ti_sysbios_knl_Task_Object__first__S)
                  000144f0    00000014     httpget_pem4f.oem4f (.text:ti_sysbios_knl_Task_Object__next__S)
                  00014504    00000012     driverlib.lib : gpio.obj (.text:GPIOPinTypeEthernetLED)
                  00014516    00000012                   : gpio.obj (.text:GPIOPinTypeI2C)
                  00014528    00000012                   : gpio.obj (.text:GPIOPinTypeI2CSCL)
                  0001453a    00000012     stk.aem4f : sockprot.oem4f (.text:SockPrAttach)
                  0001454c    00000012               : sockint.oem4f (.text:SockSetOOBData)
                  0001455e    00000012     nettool_ipv4.aem4f : inetaddr.oem4f (.text:inet_addr)
                  00014570    00000012     sysbios.aem4f : BIOS.obj (.text:ti_sysbios_hal_Hwi_Module_startup__E)
                  00014582    00000006     driverlib.lib : gpio.obj (.text:GPIOIntClear)
                  00014588    00000012     sysbios.aem4f : BIOS.obj (.text:ti_sysbios_knl_Semaphore_reset__E)
                  0001459a    00000012     httpget_pem4f.oem4f (.text:xdc_runtime_Startup_exec__I)
                  000145ac    00000010     httpget_pem4f.oem4f (.text:.bootCodeSection:ti_catalog_arm_cortexm4_tiva_ce_Boot_init__I)
                  000145bc    00000010     stk.aem4f : bind.oem4f (.text:BindIF2IPHost)
                  000145cc    00000010               : bind.oem4f (.text:BindIFNet2IPHost)
                  000145dc    00000010     driverlib.lib : emac.obj (.text:EMACFrameFilterSet)
                  000145ec    00000010     stk.aem4f : exec.oem4f (.text:ExecHRef)
                  000145fc    00000010     drivers_tivaware.aem4f : I2C.oem4f (.text:I2C_Params_init)
                  0001460c    00000010     netctrl_min_ipv4.aem4f : netctrl.oem4f (.text:NC_IPUpdate)
                  0001461c    00000010     stk.aem4f : nimu.oem4f (.text:NIMUGetRsvdSizeInfo)
                  0001462c    00000004     --HOLE-- [fill = 0]
                  00014630    00000010     sysbios.aem4f : BIOS.obj (.text:ti_sysbios_BIOS_exit__E)
                  00014640    00000010                   : BIOS.obj (.text:ti_sysbios_BIOS_getCpuFreq__E)
                  00014650    00000010                   : BIOS.obj (.text:ti_sysbios_BIOS_setThreadType__E)
                  00014660    00000010                   : BIOS.obj (.text:ti_sysbios_BIOS_start__E)
                  00014670    00000010                   : m3_TaskSupport_asm.obj (.text:ti_sysbios_family_arm_m3_TaskSupport_glue)
                  00014680    00000010                   : BIOS.obj (.text:ti_sysbios_gates_GateMutex_Instance_finalize__E)
                  00014690    00000010     httpget_pem4f.oem4f (.text:ti_sysbios_knl_Mailbox_Object__get__S)
                  000146a0    00000010     sysbios.aem4f : BIOS.obj (.text:ti_sysbios_knl_Semaphore_Instance_finalize__E)
                  000146b0    00000010                   : BIOS.obj (.text:ti_sysbios_knl_Swi_disable__E)
                  000146c0    00000010     httpget_pem4f.oem4f (.text:ti_sysbios_knl_Task_Object__get__S)
                  000146d0    00000010     sysbios.aem4f : BIOS.obj (.text:ti_sysbios_knl_Task_disable__E)
                  000146e0    00000010     ti.targets.arm.rtsarm.aem4f : Gate.oem4f (.text:xdc_runtime_Gate_leaveSystem__E)
                  000146f0    00000010                                 : Memory.oem4f (.text:xdc_runtime_Memory_free__E)
                  00014700    00000010                                 : SysMin.oem4f (.text:xdc_runtime_SysMin_ready__E)
                  00014710    00000010                                 : System.oem4f (.text:xdc_runtime_System_vsnprintf__E)
                  00014720    00000010     httpget_pem4f.oem4f (.text:xdc_runtime_Text_visitRope__I)
                  00014730    0000000e     drivers_tivaware.aem4f : EMACSnow.oem4f (.text:EMACSnow_emacioctl)
                  0001473e    0000000e     stk.aem4f : exec.oem4f (.text:ExecLowResource)
                  0001474c    0000000e     driverlib.lib : gpio.obj (.text:GPIOIntStatus)
                  0001475a    0000000e     rtsv7M4_T_le_v4SPD16_eabi.lib : copy_decompress_none.c.obj (.text:decompress:none:__TI_decompress_none)
                  00014768    0000000e     http_ndk.aem4f : httpcli.oem4f (.text:isValidSocket)
                  00014776    00000002     --HOLE-- [fill = 0]
                  00014778    0000000e     sysbios.aem4f : BIOS.obj (.text:ti_sysbios_knl_Idle_loop__E)
                  00014786    00000002     --HOLE-- [fill = 0]
                  00014788    0000000e                   : BIOS.obj (.text:ti_sysbios_knl_Queue_empty__E)
                  00014796    00000002     --HOLE-- [fill = 0]
                  00014798    0000000c     stk.aem4f : bind.oem4f (.text:BindGetFirst)
                  000147a4    0000000c     nettool_ipv4.aem4f : config.oem4f (.text:CfgSetDefault)
                  000147b0    0000000c     drivers_tivaware.aem4f : EMACSnow.oem4f (.text:EMACSnow_init)
                  000147bc    0000000c     os.aem4f : task.oem4f (.text:NDK_hookInit)
                  000147c8    0000000c     stk.aem4f : nimu.oem4f (.text:NIMUSetRsvdSizeInfo)
                  000147d4    0000000c     os.aem4f : task.oem4f (.text:NotifyLowResource)
                  000147e0    0000000c     stk.aem4f : pbm.oem4f (.text:PBM_close)
                  000147ec    0000000c     os.aem4f : semaphore.oem4f (.text:SemDelete)
                  000147f8    0000000c     hal_timer_bios.aem4f : lltimer.oem4f (.text:_llTimerShutdown)
                  00014804    0000000c     rtsv7M4_T_le_v4SPD16_eabi.lib : _lock.c.obj (.text:_register_lock)
                  00014810    0000000c                                   : _lock.c.obj (.text:_register_unlock)
                  0001481c    0000000c     httpget.obj (.text:close)
                  00014828    0000000c     rtsv7M4_T_le_v4SPD16_eabi.lib : copy_zero_init.c.obj (.text:decompress:ZI:__TI_zero_init)
[...]
00017390  xdc_runtime_Error_Module__loggerFxn8__C                              
00017394  xdc_runtime_Error_Module__loggerObj__C                               
00017398  xdc_runtime_Error_policyFxn__C                                       
0001739c  xdc_runtime_Error_raiseHook__C                                       
000173a0  xdc_runtime_IGateProvider_Interface__BASE__C                         
000173a4  xdc_runtime_IHeap_Interface__BASE__C                                 
000173a8  xdc_runtime_IModule_Interface__BASE__C                               
000173ac  xdc_runtime_Log_L_error__C                                           
000173b0  xdc_runtime_Memory_defaultHeapInstance__C                            
000173b4  xdc_runtime_Startup_execImpl__C                                      
000173b8  xdc_runtime_Startup_maxPasses__C                                     
000173bc  xdc_runtime_Startup_sfxnRts__C                                       
000173c0  xdc_runtime_Startup_sfxnTab__C                                       
000173c4  xdc_runtime_SysMin_bufSize__C                                        
000173c8  xdc_runtime_SysMin_outputFunc__C                                     
000173cc  xdc_runtime_System_Module__gateObj__C                                
000173d0  xdc_runtime_System_abortFxn__C                                       
000173d4  xdc_runtime_System_exitFxn__C                                        
000173d8  xdc_runtime_System_extendFxn__C                                      
000173dc  xdc_runtime_System_maxAtexitHandlers__C                              
000173e0  xdc_runtime_Text_charTab__C                                          
000173e4  xdc_runtime_Text_nameEmpty__C                                        
000173e8  xdc_runtime_Text_nameStatic__C                                       
000173ec  xdc_runtime_Text_nameUnknown__C                                      
000173f0  xdc_runtime_Text_nodeTab__C                                          
000173f4  xdc_runtime_Text_visitRopeFxn__C                                     
000173f8  xdc_runtime_Core_Module__id__C                                       
000173fa  xdc_runtime_Error_Module__loggerDefined__C                           
000173fc  xdc_runtime_Error_maxDepth__C                                        
000173fe  xdc_runtime_Memory_Module__id__C                                     
00017400  xdc_runtime_SysMin_flushAtExit__C                                    
00017402  xdc_runtime_Text_charCnt__C                                          
00017404  xdc_runtime_Text_isLoaded__C                                         
00017406  xdc_runtime_Text_registryModsLastId__C                               
00017408  xdc_runtime_Text_unnamedModsLastId__C                                
00017410  __TI_static_base__                                                   
000178c0  __TI_Handler_Table_Base                                              
000178cc  __TI_Handler_Table_Limit                                             
000178e0  __TI_CINIT_Base                                                      
000178f8  __TI_CINIT_Limit                                                     
20000000  __start___llvm_prf_cnts                                              
20000000  __stop___llvm_prf_cnts                                               
20000000  ti_sysbios_family_arm_m3_Hwi_ramVectors                              
20000380  ti_ndk_config_Global_pit                                             
20000498  ti_ndk_config_Global_pitBuffer                                       
2000cc98  ti_sysbios_heaps_HeapMem_Instance_State_0_buf__A                     
20014c98  ips                                                                  
20014d00  ti_ndk_config_Global_pBufMem                                         
20018900  ti_ndk_config_Global_pHdrMem                                         
20018bf8  ti_sysbios_knl_Task_Instance_State_0_stack__A                        
200193f8  ti_sysbios_knl_Task_Instance_State_1_stack__A                        
200199f8  ti_sysbios_knl_Task_Instance_State_2_stack__A                        
20019bf8  task0Stack                                                           
2001a3f8  ti_sysbios_family_arm_m3_Hwi_dispatchTable                           
2001a758  __CIOBUF_                                                            
2001a978  i2cTivaObjects                                                       
2001aa78  tcps                                                                 
2001ad94  xdc_runtime_SysMin_Module_State_0_outbuf__A                          
2001ae14  nimu_mcb                                                             
2001ae78  task0Struct                                                          
2001aec8  _ICMPIn                                                              
2001af14  _ICMPOut                                                             
2001afa0  data                                                                 
2001afe0  vlan_mcb                                                             
2001b02c  udps                                                                 
2001b050  BlockCount                                                           
2001b06c  BlockMax                                                             
2001b088  PageCount                                                            
2001b0a4  PageMax                                                              
2001b0c0  i2cTransaction                                                       
2001b0dc  stkEvent                                                             
2001b108  tempstr                                                              
2001b11c  addr                                                                 
2001b12c  i2cParams                                                            
2001b14c  raweths                                                              
2001b15c  raws                                                                 
2001b16c  PBMQ_free                                                            
2001b178  tpseudo                                                              
2001b184  upseudo                                                              
2001b198  emacObjects                                                          
2001b1a0  parmbuf                                                              
2001b1cc  _IGMPInDiscard                                                       
2001b1d0  _IGMPInQuery                                                         
2001b1d4  _IGMPInQueryGroup                                                    
2001b1d8  _IGMPInResponse                                                      
2001b1dc  _IGMPOutResponse                                                     
2001b1e0  g_ulStatus                                                           
2001b1e4  getword                                                              
2001b1f8  i2c                                                                  
2001b1fc  len                                                                  
2001b200  limit                                                                
2001b204  ptr                                                                  
2001b208  ptr2                                                                 
2001b20c  raweth_pcb                                                           
2001b210  ret                                                                  
2001b214  temp_received                                                        
2001b218  ti_sysbios_knl_Task_Instance_State_0_hookEnv__A                      
2001b21c  ti_sysbios_knl_Task_Instance_State_1_hookEnv__A                      
2001b220  ti_sysbios_knl_Task_Instance_State_2_hookEnv__A                      
2001b224  Gesture_Data1                                                        
2001b228  HTTPStd_VER                                                          
2001b22c  HTTPStd_GET                                                          
2001b230  HTTPStd_POST                                                         
2001b234  HTTPStd_HEAD                                                         
2001b238  HTTPStd_OPTIONS                                                      
2001b23c  HTTPStd_PUT                                                          
2001b240  HTTPStd_DELETE                                                       
2001b244  HTTPStd_CONNECT                                                      
2001b248  HTTPStd_PATCH                                                        
2001b24c  HTTPStd_CONTENT_TYPE_APPLET                                          
2001b250  HTTPStd_CONTENT_TYPE_AU                                              
2001b254  HTTPStd_CONTENT_TYPE_CSS                                             
2001b258  HTTPStd_CONTENT_TYPE_DOC                                             
2001b25c  HTTPStd_CONTENT_TYPE_GIF                                             
2001b260  HTTPStd_CONTENT_TYPE_HTML                                            
2001b264  HTTPStd_CONTENT_TYPE_JPG                                             
2001b268  HTTPStd_CONTENT_TYPE_MPEG                                            
2001b26c  HTTPStd_CONTENT_TYPE_PDF                                             
2001b270  HTTPStd_CONTENT_TYPE_WAV                                             
2001b274  HTTPStd_CONTENT_TYPE_ZIP                                             
2001b278  HTTPStd_CONTENT_TYPE_PLAIN                                           
2001b27c  HTTPStd_FIELD_NAME_ACCEPT                                            
2001b280  HTTPStd_FIELD_NAME_ACCEPT_CHARSET                                    
2001b284  HTTPStd_FIELD_NAME_ACCEPT_ENCODING                                   
2001b288  HTTPStd_FIELD_NAME_ACCEPT_LANGUAGE                                   
2001b28c  HTTPStd_FIELD_NAME_ACCEPT_RANGES                                     
2001b290  HTTPStd_FIELD_NAME_AGE                                               
2001b294  HTTPStd_FIELD_NAME_ALLOW                                             
2001b298  HTTPStd_FIELD_NAME_AUTHORIZATION                                     
2001b29c  HTTPStd_FIELD_NAME_CACHE_CONTROL                                     
2001b2a0  HTTPStd_FIELD_NAME_CONNECTION                                        
2001b2a4  HTTPStd_FIELD_NAME_CONTENT_ENCODING                                  
2001b2a8  HTTPStd_FIELD_NAME_CONTENT_LANGUAGE                                  
2001b2ac  HTTPStd_FIELD_NAME_CONTENT_LENGTH                                    
2001b2b0  HTTPStd_FIELD_NAME_CONTENT_LOCATION                                  
2001b2b4  HTTPStd_FIELD_NAME_CONTENT_MD5                                       
2001b2b8  HTTPStd_FIELD_NAME_CONTENT_RANGE                                     
2001b2bc  HTTPStd_FIELD_NAME_CONTENT_TYPE                                      
2001b2c0  HTTPStd_FIELD_NAME_COOKIE                                            
2001b2c4  HTTPStd_FIELD_NAME_DATE                                              
2001b2c8  HTTPStd_FIELD_NAME_ETAG                                              
2001b2cc  HTTPStd_FIELD_NAME_EXPECT                                            
2001b2d0  HTTPStd_FIELD_NAME_EXPIRES                                           
2001b2d4  HTTPStd_FIELD_NAME_FROM                                              
2001b2d8  HTTPStd_FIELD_NAME_HOST                                              
2001b2dc  HTTPStd_FIELD_NAME_IF_MATCH                                          
2001b2e0  HTTPStd_FIELD_NAME_IF_MODIFIED_SINCE                                 
2001b2e4  HTTPStd_FIELD_NAME_IF_NONE_MATCH                                     
2001b2e8  HTTPStd_FIELD_NAME_IF_RANGE                                          
2001b2ec  HTTPStd_FIELD_NAME_IF_UNMODIFIED_SINCE                               
2001b2f0  HTTPStd_FIELD_NAME_LAST_MODIFIED                                     
2001b2f4  HTTPStd_FIELD_NAME_LOCATION                                          
2001b2f8  HTTPStd_FIELD_NAME_MAX_FORWARDS                                      
2001b2fc  HTTPStd_FIELD_NAME_ORIGIN                                            
2001b300  HTTPStd_FIELD_NAME_PRAGMA                                            
2001b304  HTTPStd_FIELD_NAME_PROXY_AUTHENTICATE                                
2001b308  HTTPStd_FIELD_NAME_PROXY_AUTHORIZATION                               
2001b30c  HTTPStd_FIELD_NAME_RANGE                                             
2001b310  HTTPStd_FIELD_NAME_REFERER                                           
2001b314  HTTPStd_FIELD_NAME_RETRY_AFTER                                       
2001b318  HTTPStd_FIELD_NAME_SERVER                                            
2001b31c  HTTPStd_FIELD_NAME_TE                                                
2001b320  HTTPStd_FIELD_NAME_TRAILER                                           
2001b324  HTTPStd_FIELD_NAME_TRANSFER_ENCODING                                 
2001b328  HTTPStd_FIELD_NAME_UPGRADE                                           
2001b32c  HTTPStd_FIELD_NAME_USER_AGENT                                        
2001b330  HTTPStd_FIELD_NAME_VARY                                              
2001b334  HTTPStd_FIELD_NAME_VIA                                               
2001b338  HTTPStd_FIELD_NAME_WWW_AUTHENTICATE                                  
2001b33c  HTTPStd_FIELD_NAME_WARNING                                           
2001b340  HTTPStd_FIELD_NAME_X_FORWARDED_FOR                                   
2001b344  ti_sysbios_knl_Task_Object__table__V                                 
2001b428  _ipcfg                                                               
2001b4dc  ti_sysbios_knl_Swi_Module_State_0_readyQ__A                          
2001b55c  ti_sysbios_knl_Task_Module_State_0_readyQ__A                         
2001b62c  ti_sysbios_knl_Task_Module__state__V                                 
2001b6f0  ti_sysbios_family_arm_lm4_Timer_Module_State_0_device__A             
2001b730  ti_sysbios_family_arm_lm4_Timer_Object__table__V                     
2001b770  ti_sysbios_gates_GateMutex_Object__table__V                          
2001b7dc  ti_sysbios_family_arm_m3_Hwi_Module__state__V                        
2001b810  enablePrefetch                                                       
2001b814  phyCounter                                                           
2001b842  ti_sysbios_family_arm_m3_Hwi_Module_State_0_excActive__A             
2001b874  ti_sysbios_knl_Swi_Object__table__V                                  
2001b8a4  ti_sysbios_knl_Clock_Module__state__V                                
2001b8d0  pstrMsgName                                                          
2001b8f8  _oscfg                                                               
2001b91c  PITCount                                                             
2001b920  PITUsed                                                              
2001b924  PITHigh                                                              
2001b940  ti_sysbios_BIOS_Module__state__V                                     
2001b964  ti_sysbios_family_arm_lm4_Timer_Module_State_0_handles__A            
2001b9a0  ti_ndk_config_Global_Id2Size                                         
2001b9bc  ti_sysbios_knl_Swi_Module__state__V                                  
2001ba20  ti_sysbios_family_arm_m3_Hwi_Object__table__V                        
2001ba38  ti_sysbios_heaps_HeapMem_Object__table__V                            
2001ba8c  ti_sysbios_knl_Semaphore_Object__table__V                            
2001baa0  gpioPinConfigs                                                       
2001bac8  _IGMPForceVersion1                                                   
2001bad0  ti_sysbios_family_arm_lm4_Timer_Module__state__V                     
2001badc  ti_sysbios_knl_Event_Object__table__V                                
2001bae8  xdc_runtime_SysMin_Module__state__V                                  
2001bb00  _lock                                                                
2001bb04  _unlock                                                              
2001bb08  NIMUDeviceTable                                                      
2001bb10  gpioCallbackFunctions                                                
2001bb18  countersem                                                           
2001bb1c  stringlen                                                            
2001bb20  ti_ndk_config_Global_HostName                                        
2001bb24  __xdc__init__addr                                                    
2001bb38  _ICMPInErrors                                                        
2001bb3c  _ICMPOutErrors                                                       
2001bb40  _IPExecuting                                                         
2001bb58  tcp_iss                                                              
2001bb5c  ptTimeFirst                                                          
2001bb68  ti_sysbios_family_arm_m3_Hwi_Module__root__V                         
2001bb70  ti_sysbios_gates_GateHwi_Module__root__V                             
2001bb78  ti_sysbios_gates_GateMutex_Module__root__V                           
2001bb80  ti_sysbios_heaps_HeapMem_Module__root__V                             
2001bb88  ti_sysbios_knl_Clock_Module__root__V                                 
2001bb90  ti_sysbios_knl_Queue_Module__root__V                                 
2001bb98  ti_sysbios_knl_Semaphore_Module__root__V                             
2001bba0  ti_sysbios_knl_Swi_Module__root__V                                   
2001bba8  ti_sysbios_knl_Task_Module__root__V                                  
2001bbb0  xdc_runtime_Registry_Module__state__V                                
2001bbb8  xdc_runtime_Startup_Module__state__V                                 
2001bbc0  xdc_runtime_System_Module_State_0_atexitHandlers__A                  
2001bbc8  xdc_runtime_System_Module__state__V                                  
2001bbd0  macAddress                                                           
2001bbe2  xdc_runtime_Error_Module__state__V                                   
2001bbf4  errno                                                                
2001bbf8  main_func_sp                                                         
2001bc00  _IPReasmPtr                                                          
2001bc10  ti_sysbios_family_arm_m3_Hwi_Module_State_0_excContext__A            
2001bc14  ti_sysbios_family_arm_m3_Hwi_Module_State_0_excStack__A              
2001bc18  ti_sysbios_gates_GateHwi_Object__table__V                            
2001bc1c  ti_sysbios_knl_Task_Module_State_0_idleTask__A                       
2001bc20  xdc_runtime_Memory_Module__state__V                                  
2001bc28  __stack                                                              
2001c428  __STACK_END                                                          
e000e000  ti_sysbios_family_arm_m3_Hwi_nvic                                    
ffffffff  __TI_pprof_out_hndl                                                  
ffffffff  __TI_prof_data_size                                                  
ffffffff  __TI_prof_data_start                                                 
ffffffff  __binit__                                                            
ffffffff  __c_args__                                                           
ffffffff  binit                                                                
UNDEFED   SHT$$INIT_ARRAY$$Base                                                
UNDEFED   SHT$$INIT_ARRAY$$Limit                                               

[1163 symbols]
